\BOOKMARK [0][-]{chapter*.2}{\376\377\000A\000c\000k\000n\000o\000w\000l\000e\000d\000g\000e\000m\000e\000n\000t}{}% 1
\BOOKMARK [0][-]{chapter*.4}{\376\377\000C\000o\000n\000t\000e\000n\000t\000s}{}% 2
\BOOKMARK [0][-]{chapter*.5}{\376\377\000L\000i\000s\000t\000\040\000o\000f\000\040\000T\000a\000b\000l\000e\000s}{}% 3
\BOOKMARK [0][-]{chapter*.6}{\376\377\000L\000i\000s\000t\000\040\000o\000f\000\040\000F\000i\000g\000u\000r\000e\000s}{}% 4
\BOOKMARK [0][-]{chapter.1}{\376\377\000I\000n\000t\000r\000o\000d\000u\000c\000t\000i\000o\000n}{}% 5
\BOOKMARK [1][-]{section.1.1}{\376\377\000B\000a\000c\000k\000g\000r\000o\000u\000n\000d}{chapter.1}% 6
\BOOKMARK [1][-]{section.1.2}{\376\377\000P\000r\000o\000b\000l\000e\000m\000\040\000S\000t\000a\000t\000e\000m\000e\000n\000t}{chapter.1}% 7
\BOOKMARK [1][-]{section.1.3}{\376\377\000O\000b\000j\000e\000c\000t\000i\000v\000e}{chapter.1}% 8
\BOOKMARK [1][-]{section.1.4}{\376\377\000P\000r\000o\000j\000e\000c\000t\000\040\000S\000c\000o\000p\000e}{chapter.1}% 9
\BOOKMARK [2][-]{subsection.1.4.1}{\376\377\000S\000y\000s\000t\000e\000m\000\040\000S\000c\000o\000p\000e}{section.1.4}% 10
\BOOKMARK [2][-]{subsection.1.4.2}{\376\377\000T\000a\000r\000g\000e\000t\000\040\000U\000s\000e\000r\000s}{section.1.4}% 11
\BOOKMARK [2][-]{subsection.1.4.3}{\376\377\000S\000y\000s\000t\000e\000m\000\040\000L\000i\000m\000i\000t\000a\000t\000i\000o\000n\000s}{section.1.4}% 12
\BOOKMARK [1][-]{section.1.5}{\376\377\000P\000r\000o\000j\000e\000c\000t\000\040\000S\000c\000h\000e\000d\000u\000l\000e}{chapter.1}% 13
\BOOKMARK [0][-]{chapter.2}{\376\377\000L\000i\000t\000e\000r\000a\000t\000u\000r\000e\000\040\000R\000e\000v\000i\000e\000w}{}% 14
\BOOKMARK [1][-]{section.2.1}{\376\377\000S\000e\000a\000r\000c\000h\000\040\000E\000n\000g\000i\000n\000e\000\040\000F\000u\000n\000d\000a\000m\000e\000n\000t\000a\000l\000s\000\040\000a\000n\000d\000\040\000A\000r\000c\000h\000i\000t\000e\000c\000t\000u\000r\000e}{chapter.2}% 15
\BOOKMARK [1][-]{section.2.2}{\376\377\000K\000e\000y\000w\000o\000r\000d\000-\000B\000a\000s\000e\000d\000\040\000S\000e\000a\000r\000c\000h\000\040\000M\000e\000t\000h\000o\000d\000s}{chapter.2}% 16
\BOOKMARK [1][-]{section.2.3}{\376\377\000V\000e\000c\000t\000o\000r\000\040\000S\000e\000a\000r\000c\000h\000\040\000a\000n\000d\000\040\000N\000e\000u\000r\000a\000l\000\040\000R\000e\000t\000r\000i\000e\000v\000a\000l}{chapter.2}% 17
\BOOKMARK [1][-]{section.2.4}{\376\377\000L\000e\000a\000r\000n\000i\000n\000g\000-\000t\000o\000-\000R\000a\000n\000k\000\040\000A\000p\000p\000r\000o\000a\000c\000h\000e\000s}{chapter.2}% 18
\BOOKMARK [1][-]{section.2.5}{\376\377\000M\000u\000l\000t\000i\000m\000o\000d\000a\000l\000\040\000S\000e\000a\000r\000c\000h\000\040\000a\000n\000d\000\040\000R\000e\000t\000r\000i\000e\000v\000a\000l}{chapter.2}% 19
\BOOKMARK [1][-]{section.2.6}{\376\377\000R\000e\000t\000r\000i\000e\000v\000a\000l\000-\000A\000u\000g\000m\000e\000n\000t\000e\000d\000\040\000G\000e\000n\000e\000r\000a\000t\000i\000o\000n}{chapter.2}% 20
\BOOKMARK [1][-]{section.2.7}{\376\377\000B\000e\000n\000c\000h\000m\000a\000r\000k\000\040\000D\000a\000t\000a\000s\000e\000t\000s\000\040\000a\000n\000d\000\040\000E\000v\000a\000l\000u\000a\000t\000i\000o\000n}{chapter.2}% 21
\BOOKMARK [1][-]{section.2.8}{\376\377\000R\000e\000s\000e\000a\000r\000c\000h\000\040\000G\000a\000p\000s\000\040\000a\000n\000d\000\040\000O\000p\000p\000o\000r\000t\000u\000n\000i\000t\000i\000e\000s}{chapter.2}% 22
\BOOKMARK [1][-]{section.2.9}{\376\377\000P\000r\000o\000p\000o\000s\000e\000d\000\040\000A\000p\000p\000r\000o\000a\000c\000h\000:\000\040\000M\000u\000l\000t\000i\000m\000o\000d\000a\000l\000\040\000L\000T\000R\000-\000E\000n\000h\000a\000n\000c\000e\000d\000\040\000S\000e\000a\000r\000c\000h\000\040\000E\000n\000g\000i\000n\000e}{chapter.2}% 23
\BOOKMARK [2][-]{subsection.2.9.1}{\376\377\000K\000e\000y\000\040\000I\000n\000n\000o\000v\000a\000t\000i\000o\000n\000s}{section.2.9}% 24
\BOOKMARK [0][-]{chapter.3}{\376\377\000R\000e\000s\000e\000a\000r\000c\000h\000\040\000M\000e\000t\000h\000o\000d\000o\000l\000o\000g\000y}{}% 25
\BOOKMARK [1][-]{section.3.1}{\376\377\000S\000o\000f\000t\000w\000a\000r\000e\000\040\000D\000e\000v\000e\000l\000o\000p\000m\000e\000n\000t\000\040\000M\000e\000t\000h\000o\000d\000o\000l\000o\000g\000y}{chapter.3}% 26
\BOOKMARK [2][-]{subsection.3.1.1}{\376\377\000I\000m\000p\000l\000e\000m\000e\000n\000t\000i\000n\000g\000\040\000t\000h\000e\000\040\000S\000c\000r\000u\000m\000\040\000F\000r\000a\000m\000e\000w\000o\000r\000k}{section.3.1}% 27
\BOOKMARK [2][-]{subsection.3.1.2}{\376\377\000P\000r\000o\000j\000e\000c\000t\000\040\000M\000a\000n\000a\000g\000e\000m\000e\000n\000t\000\040\000a\000n\000d\000\040\000W\000o\000r\000k\000f\000l\000o\000w\000\040\000T\000o\000o\000l\000s}{section.3.1}% 28
\BOOKMARK [1][-]{section.3.2}{\376\377\000D\000a\000t\000a\000\040\000G\000a\000t\000h\000e\000r\000i\000n\000g\000\040\000T\000e\000c\000h\000n\000i\000q\000u\000e\000s}{chapter.3}% 29
\BOOKMARK [2][-]{subsection.3.2.1}{\376\377\000L\000i\000t\000e\000r\000a\000t\000u\000r\000e\000\040\000R\000e\000v\000i\000e\000w}{section.3.2}% 30
\BOOKMARK [2][-]{subsection.3.2.2}{\376\377\000S\000t\000a\000k\000e\000h\000o\000l\000d\000e\000r\000\040\000I\000n\000t\000e\000r\000v\000i\000e\000w\000s}{section.3.2}% 31
\BOOKMARK [2][-]{subsection.3.2.3}{\376\377\000W\000o\000r\000k\000f\000l\000o\000w\000\040\000A\000n\000a\000l\000y\000s\000i\000s}{section.3.2}% 32
\BOOKMARK [2][-]{subsection.3.2.4}{\376\377\000E\000x\000i\000s\000t\000i\000n\000g\000\040\000P\000r\000o\000d\000u\000c\000t\000\040\000A\000n\000a\000l\000y\000s\000i\000s}{section.3.2}% 33
\BOOKMARK [0][-]{chapter.4}{\376\377\000S\000t\000a\000k\000e\000h\000o\000l\000d\000e\000r\000\040\000C\000o\000l\000l\000a\000b\000o\000r\000a\000t\000i\000o\000n}{}% 34
\BOOKMARK [1][-]{section.4.1}{\376\377\000C\000o\000l\000l\000a\000b\000o\000r\000a\000t\000i\000v\000e\000\040\000B\000a\000c\000k\000g\000r\000o\000u\000n\000d}{chapter.4}% 35
\BOOKMARK [1][-]{section.4.2}{\376\377\000S\000t\000a\000k\000e\000h\000o\000l\000d\000e\000r\000\040\000I\000n\000t\000r\000o\000d\000u\000c\000t\000i\000o\000n}{chapter.4}% 36
\BOOKMARK [2][-]{subsection.4.2.1}{\376\377\000C\000o\000m\000p\000a\000n\000y\000\040\000B\000a\000c\000k\000g\000r\000o\000u\000n\000d}{section.4.2}% 37
\BOOKMARK [2][-]{subsection.4.2.2}{\376\377\000P\000r\000o\000j\000e\000c\000t\000\040\000C\000o\000n\000t\000e\000x\000t}{section.4.2}% 38
\BOOKMARK [1][-]{section.4.3}{\376\377\000K\000e\000y\000\040\000S\000t\000a\000k\000e\000h\000o\000l\000d\000e\000r\000s}{chapter.4}% 39
\BOOKMARK [1][-]{section.4.4}{\376\377\000C\000o\000l\000l\000a\000b\000o\000r\000a\000t\000i\000o\000n\000\040\000D\000o\000c\000u\000m\000e\000n\000t\000a\000t\000i\000o\000n}{chapter.4}% 40
\BOOKMARK [2][-]{subsection.4.4.1}{\376\377\000C\000o\000l\000l\000a\000b\000o\000r\000a\000t\000i\000o\000n\000\040\000A\000g\000r\000e\000e\000m\000e\000n\000t}{section.4.4}% 41
\BOOKMARK [2][-]{subsection.4.4.2}{\376\377\000I\000n\000i\000t\000i\000a\000l\000\040\000R\000e\000q\000u\000i\000r\000e\000m\000e\000n\000t\000s\000\040\000G\000a\000t\000h\000e\000r\000i\000n\000g\000\040\000S\000e\000s\000s\000i\000o\000n\000s}{section.4.4}% 42
\BOOKMARK [2][-]{subsection.4.4.3}{\376\377\000S\000y\000s\000t\000e\000m\000\040\000A\000r\000c\000h\000i\000t\000e\000c\000t\000u\000r\000e\000\040\000R\000e\000v\000i\000e\000w\000\040\000M\000e\000e\000t\000i\000n\000g\000s}{section.4.4}% 43
\BOOKMARK [2][-]{subsection.4.4.4}{\376\377\000P\000r\000o\000d\000u\000c\000t\000\040\000R\000e\000v\000i\000e\000w\000\040\000M\000e\000e\000t\000i\000n\000g}{section.4.4}% 44
\BOOKMARK [2][-]{subsection.4.4.5}{\376\377\000M\000e\000e\000t\000i\000n\000g\000\040\000A\000p\000p\000o\000i\000n\000t\000m\000e\000n\000t\000s}{section.4.4}% 45
\BOOKMARK [0][-]{chapter.5}{\376\377\000S\000y\000s\000t\000e\000m\000\040\000A\000n\000a\000l\000y\000s\000i\000s\000\040\000a\000n\000d\000\040\000D\000e\000s\000i\000g\000n}{}% 46
\BOOKMARK [1][-]{section.5.1}{\376\377\000K\000e\000y\000\040\000S\000y\000s\000t\000e\000m\000\040\000M\000o\000d\000u\000l\000e\000s}{chapter.5}% 47
\BOOKMARK [2][-]{subsection.5.1.1}{\376\377\000M\000o\000d\000u\000l\000e\000\040\0001\000:\000\040\000U\000s\000e\000r\000\040\000M\000a\000n\000a\000g\000e\000m\000e\000n\000t\000\040\000S\000y\000s\000t\000e\000m}{section.5.1}% 48
\BOOKMARK [2][-]{subsection.5.1.2}{\376\377\000M\000o\000d\000u\000l\000e\000\040\0002\000:\000\040\000S\000e\000a\000r\000c\000h\000\040\000a\000n\000d\000\040\000R\000e\000t\000r\000i\000e\000v\000a\000l\000\040\000S\000y\000s\000t\000e\000m}{section.5.1}% 49
\BOOKMARK [2][-]{subsection.5.1.3}{\376\377\000M\000o\000d\000u\000l\000e\000\040\0003\000:\000\040\000D\000a\000t\000a\000\040\000I\000n\000g\000e\000s\000t\000i\000o\000n\000\040\000a\000n\000d\000\040\000I\000n\000d\000e\000x\000i\000n\000g\000\040\000S\000y\000s\000t\000e\000m}{section.5.1}% 50
\BOOKMARK [2][-]{subsection.5.1.4}{\376\377\000M\000o\000d\000u\000l\000e\000\040\0004\000:\000\040\000A\000n\000a\000l\000y\000t\000i\000c\000s\000\040\000a\000n\000d\000\040\000M\000o\000n\000i\000t\000o\000r\000i\000n\000g\000\040\000S\000y\000s\000t\000e\000m}{section.5.1}% 51
\BOOKMARK [2][-]{subsection.5.1.5}{\376\377\000M\000o\000d\000u\000l\000e\000\040\0005\000:\000\040\000R\000A\000G\000\040\000G\000e\000n\000e\000r\000a\000t\000i\000o\000n\000\040\000S\000y\000s\000t\000e\000m}{section.5.1}% 52
\BOOKMARK [1][-]{section.5.2}{\376\377\000H\000i\000e\000r\000a\000r\000c\000h\000i\000c\000a\000l\000\040\000T\000a\000s\000k\000\040\000A\000n\000a\000l\000y\000s\000i\000s}{chapter.5}% 53
\BOOKMARK [1][-]{section.5.3}{\376\377\000U\000s\000e\000\040\000C\000a\000s\000e\000\040\000D\000i\000a\000g\000r\000a\000m}{chapter.5}% 54
\BOOKMARK [1][-]{section.5.4}{\376\377\000U\000s\000e\000\040\000C\000a\000s\000e\000\040\000T\000a\000b\000l\000e\000s}{chapter.5}% 55
\BOOKMARK [1][-]{section.5.5}{\376\377\000U\000s\000e\000\040\000C\000a\000s\000e\000\040\000D\000e\000s\000c\000r\000i\000p\000t\000i\000o\000n\000s}{chapter.5}% 56
\BOOKMARK [1][-]{section.5.6}{\376\377\000A\000c\000t\000i\000v\000i\000t\000y\000\040\000D\000i\000a\000g\000r\000a\000m\000s}{chapter.5}% 57
\BOOKMARK [1][-]{section.5.7}{\376\377\000D\000a\000t\000a\000b\000a\000s\000e\000\040\000D\000e\000s\000i\000g\000n}{chapter.5}% 58
\BOOKMARK [2][-]{subsection.5.7.1}{\376\377\000U\000s\000e\000r\000\040\000E\000n\000t\000i\000t\000y}{section.5.7}% 59
\BOOKMARK [2][-]{subsection.5.7.2}{\376\377\000S\000e\000s\000s\000i\000o\000n\000\040\000E\000n\000t\000i\000t\000y}{section.5.7}% 60
\BOOKMARK [2][-]{subsection.5.7.3}{\376\377\000D\000o\000c\000u\000m\000e\000n\000t\000\040\000E\000n\000t\000i\000t\000y}{section.5.7}% 61
\BOOKMARK [2][-]{subsection.5.7.4}{\376\377\000D\000o\000c\000u\000m\000e\000n\000t\000C\000h\000u\000n\000k\000\040\000E\000n\000t\000i\000t\000y}{section.5.7}% 62
\BOOKMARK [2][-]{subsection.5.7.5}{\376\377\000C\000o\000n\000v\000e\000r\000s\000a\000t\000i\000o\000n\000H\000i\000s\000t\000o\000r\000y\000\040\000E\000n\000t\000i\000t\000y}{section.5.7}% 63
\BOOKMARK [2][-]{subsection.5.7.6}{\376\377\000S\000e\000a\000r\000c\000h\000Q\000u\000e\000r\000y\000\040\000E\000n\000t\000i\000t\000y}{section.5.7}% 64
\BOOKMARK [2][-]{subsection.5.7.7}{\376\377\000S\000e\000a\000r\000c\000h\000R\000e\000s\000u\000l\000t\000\040\000E\000n\000t\000i\000t\000y}{section.5.7}% 65
\BOOKMARK [2][-]{subsection.5.7.8}{\376\377\000D\000a\000t\000a\000S\000o\000u\000r\000c\000e\000\040\000E\000n\000t\000i\000t\000y}{section.5.7}% 66
\BOOKMARK [2][-]{subsection.5.7.9}{\376\377\000C\000r\000a\000w\000l\000J\000o\000b\000\040\000E\000n\000t\000i\000t\000y}{section.5.7}% 67
\BOOKMARK [2][-]{subsection.5.7.10}{\376\377\000A\000c\000c\000e\000s\000s\000C\000o\000n\000t\000r\000o\000l\000\040\000E\000n\000t\000i\000t\000y}{section.5.7}% 68
\BOOKMARK [2][-]{subsection.5.7.11}{\376\377\000K\000e\000y\000\040\000I\000n\000d\000e\000x\000e\000s\000\040\000a\000n\000d\000\040\000P\000e\000r\000f\000o\000r\000m\000a\000n\000c\000e\000\040\000O\000p\000t\000i\000m\000i\000z\000a\000t\000i\000o\000n\000s}{section.5.7}% 69
\BOOKMARK [1][-]{section.5.8}{\376\377\000D\000e\000p\000l\000o\000y\000m\000e\000n\000t\000\040\000A\000r\000c\000h\000i\000t\000e\000c\000t\000u\000r\000e}{chapter.5}% 70
\BOOKMARK [2][-]{subsection.5.8.1}{\376\377\000C\000l\000i\000e\000n\000t\000\040\000T\000i\000e\000r}{section.5.8}% 71
\BOOKMARK [2][-]{subsection.5.8.2}{\376\377\000A\000p\000p\000l\000i\000c\000a\000t\000i\000o\000n\000\040\000T\000i\000e\000r}{section.5.8}% 72
\BOOKMARK [2][-]{subsection.5.8.3}{\376\377\000D\000a\000t\000a\000\040\000T\000i\000e\000r}{section.5.8}% 73
\BOOKMARK [2][-]{subsection.5.8.4}{\376\377\000M\000L\000\040\000I\000n\000f\000r\000a\000s\000t\000r\000u\000c\000t\000u\000r\000e}{section.5.8}% 74
\BOOKMARK [2][-]{subsection.5.8.5}{\376\377\000M\000o\000n\000i\000t\000o\000r\000i\000n\000g\000\040\000a\000n\000d\000\040\000O\000b\000s\000e\000r\000v\000a\000b\000i\000l\000i\000t\000y}{section.5.8}% 75
\BOOKMARK [2][-]{subsection.5.8.6}{\376\377\000D\000e\000v\000e\000l\000o\000p\000m\000e\000n\000t\000\040\000E\000n\000v\000i\000r\000o\000n\000m\000e\000n\000t}{section.5.8}% 76
\BOOKMARK [1][-]{section.5.9}{\376\377\000N\000o\000n\000-\000F\000u\000n\000c\000t\000i\000o\000n\000a\000l\000\040\000R\000e\000q\000u\000i\000r\000e\000m\000e\000n\000t\000s}{chapter.5}% 77
\BOOKMARK [2][-]{subsection.5.9.1}{\376\377\000S\000e\000c\000u\000r\000i\000t\000y\000\040\000R\000e\000q\000u\000i\000r\000e\000m\000e\000n\000t\000s\000\040\000D\000e\000t\000a\000i\000l}{section.5.9}% 78
\BOOKMARK [2][-]{subsection.5.9.2}{\376\377\000P\000e\000r\000f\000o\000r\000m\000a\000n\000c\000e\000\040\000R\000e\000q\000u\000i\000r\000e\000m\000e\000n\000t\000s\000\040\000D\000e\000t\000a\000i\000l}{section.5.9}% 79
\BOOKMARK [2][-]{subsection.5.9.3}{\376\377\000S\000c\000a\000l\000a\000b\000i\000l\000i\000t\000y\000\040\000A\000p\000p\000r\000o\000a\000c\000h}{section.5.9}% 80
\BOOKMARK [1][-]{section.5.10}{\376\377\000U\000s\000e\000r\000\040\000I\000n\000t\000e\000r\000f\000a\000c\000e\000\040\000D\000e\000s\000i\000g\000n}{chapter.5}% 81
\BOOKMARK [2][-]{subsection.5.10.1}{\376\377\000D\000e\000s\000i\000g\000n\000\040\000P\000h\000i\000l\000o\000s\000o\000p\000h\000y}{section.5.10}% 82
\BOOKMARK [2][-]{subsection.5.10.2}{\376\377\000R\000e\000s\000p\000o\000n\000s\000i\000v\000e\000\040\000D\000e\000s\000i\000g\000n\000\040\000a\000n\000d\000\040\000A\000c\000c\000e\000s\000s\000i\000b\000i\000l\000i\000t\000y}{section.5.10}% 83
\BOOKMARK [1][-]{section.5.11}{\376\377\000T\000e\000c\000h\000n\000i\000c\000a\000l\000\040\000I\000m\000p\000l\000e\000m\000e\000n\000t\000a\000t\000i\000o\000n}{chapter.5}% 84
\BOOKMARK [2][-]{subsection.5.11.1}{\376\377\000T\000e\000c\000h\000n\000o\000l\000o\000g\000y\000\040\000S\000t\000a\000c\000k}{section.5.11}% 85
\BOOKMARK [2][-]{subsection.5.11.2}{\376\377\000H\000a\000r\000d\000w\000a\000r\000e\000\040\000S\000p\000e\000c\000i\000f\000i\000c\000a\000t\000i\000o\000n\000s}{section.5.11}% 86
\BOOKMARK [0][-]{chapter.6}{\376\377\000I\000m\000p\000l\000e\000m\000e\000n\000t\000a\000t\000i\000o\000n}{}% 87
\BOOKMARK [1][-]{section.6.1}{\376\377\000D\000a\000t\000a\000b\000a\000s\000e\000\040\000I\000m\000p\000l\000e\000m\000e\000n\000t\000a\000t\000i\000o\000n}{chapter.6}% 88
\BOOKMARK [2][-]{subsection.6.1.1}{\376\377\000S\000c\000h\000e\000m\000a\000\040\000I\000m\000p\000l\000e\000m\000e\000n\000t\000a\000t\000i\000o\000n\000\040\000w\000i\000t\000h\000\040\000P\000o\000s\000t\000g\000r\000e\000S\000Q\000L\000\040\000a\000n\000d\000\040\000p\000g\000v\000e\000c\000t\000o\000r}{section.6.1}% 89
\BOOKMARK [1][-]{section.6.2}{\376\377\000B\000M\0002\0005\000\040\000S\000e\000a\000r\000c\000h\000\040\000I\000m\000p\000l\000e\000m\000e\000n\000t\000a\000t\000i\000o\000n}{chapter.6}% 90
\BOOKMARK [2][-]{subsection.6.2.1}{\376\377\000S\000Q\000L\000-\000B\000a\000s\000e\000d\000\040\000B\000M\0002\0005\000\040\000C\000a\000l\000c\000u\000l\000a\000t\000o\000r}{section.6.2}% 91
\BOOKMARK [1][-]{section.6.3}{\376\377\000V\000e\000c\000t\000o\000r\000\040\000S\000e\000a\000r\000c\000h\000\040\000w\000i\000t\000h\000\040\000H\000N\000S\000W}{chapter.6}% 92
\BOOKMARK [2][-]{subsection.6.3.1}{\376\377\000E\000m\000b\000e\000d\000d\000i\000n\000g\000\040\000G\000e\000n\000e\000r\000a\000t\000i\000o\000n\000\040\000S\000e\000r\000v\000i\000c\000e}{section.6.3}% 93
\BOOKMARK [2][-]{subsection.6.3.2}{\376\377\000H\000N\000S\000W\000\040\000V\000e\000c\000t\000o\000r\000\040\000S\000e\000a\000r\000c\000h\000\040\000I\000m\000p\000l\000e\000m\000e\000n\000t\000a\000t\000i\000o\000n}{section.6.3}% 94
\BOOKMARK [1][-]{section.6.4}{\376\377\000H\000y\000b\000r\000i\000d\000\040\000S\000e\000a\000r\000c\000h\000\040\000a\000n\000d\000\040\000R\000e\000c\000i\000p\000r\000o\000c\000a\000l\000\040\000R\000a\000n\000k\000\040\000F\000u\000s\000i\000o\000n}{chapter.6}% 95
\BOOKMARK [2][-]{subsection.6.4.1}{\376\377\000S\000e\000a\000r\000c\000h\000\040\000S\000e\000r\000v\000i\000c\000e\000\040\000I\000n\000t\000e\000g\000r\000a\000t\000i\000o\000n}{section.6.4}% 96
\BOOKMARK [1][-]{section.6.5}{\376\377\000D\000i\000s\000t\000r\000i\000b\000u\000t\000e\000d\000\040\000W\000e\000b\000\040\000C\000r\000a\000w\000l\000i\000n\000g}{chapter.6}% 97
\BOOKMARK [2][-]{subsection.6.5.1}{\376\377\000M\000u\000l\000t\000i\000-\000t\000h\000r\000e\000a\000d\000e\000d\000\040\000C\000r\000a\000w\000l\000e\000r\000\040\000w\000i\000t\000h\000\040\000D\000r\000i\000s\000s\000i\000o\000n\000P\000a\000g\000e}{section.6.5}% 98
\BOOKMARK [2][-]{subsection.6.5.2}{\376\377\000U\000R\000L\000\040\000M\000a\000n\000a\000g\000e\000m\000e\000n\000t\000\040\000w\000i\000t\000h\000\040\000R\000e\000d\000i\000s\000\040\000a\000n\000d\000\040\000B\000l\000o\000o\000m\000\040\000F\000i\000l\000t\000e\000r}{section.6.5}% 99
\BOOKMARK [1][-]{section.6.6}{\376\377\000I\000m\000a\000g\000e\000\040\000E\000x\000t\000r\000a\000c\000t\000i\000o\000n\000\040\000a\000n\000d\000\040\000M\000u\000l\000t\000i\000m\000o\000d\000a\000l\000\040\000I\000n\000d\000e\000x\000i\000n\000g}{chapter.6}% 100
\BOOKMARK [2][-]{subsection.6.6.1}{\376\377\000I\000m\000a\000g\000e\000\040\000E\000x\000t\000r\000a\000c\000t\000i\000o\000n\000\040\000f\000r\000o\000m\000\040\000W\000e\000b\000\040\000P\000a\000g\000e\000s}{section.6.6}% 101
\BOOKMARK [1][-]{section.6.7}{\376\377\000H\000T\000T\000P\000\040\000M\000i\000c\000r\000o\000s\000e\000r\000v\000i\000c\000e\000\040\000f\000o\000r\000\040\000E\000m\000b\000e\000d\000d\000i\000n\000g\000\040\000G\000e\000n\000e\000r\000a\000t\000i\000o\000n}{chapter.6}% 102
\BOOKMARK [2][-]{subsection.6.7.1}{\376\377\000F\000a\000s\000t\000A\000P\000I\000\040\000S\000e\000r\000v\000i\000c\000e\000\040\000f\000o\000r\000\040\000I\000m\000a\000g\000e\000\040\000E\000n\000c\000o\000d\000i\000n\000g}{section.6.7}% 103
\BOOKMARK [1][-]{section.6.8}{\376\377\000P\000e\000r\000f\000o\000r\000m\000a\000n\000c\000e\000\040\000O\000p\000t\000i\000m\000i\000z\000a\000t\000i\000o\000n\000s}{chapter.6}% 104
\BOOKMARK [2][-]{subsection.6.8.1}{\376\377\000R\000e\000d\000i\000s\000\040\000C\000a\000c\000h\000i\000n\000g\000\040\000L\000a\000y\000e\000r}{section.6.8}% 105
\BOOKMARK [2][-]{subsection.6.8.2}{\376\377\000B\000a\000t\000c\000h\000\040\000P\000r\000o\000c\000e\000s\000s\000i\000n\000g\000\040\000f\000o\000r\000\040\000I\000n\000d\000e\000x\000\040\000U\000p\000d\000a\000t\000e\000s}{section.6.8}% 106
\BOOKMARK [0][-]{chapter.7}{\376\377\000C\000o\000n\000c\000l\000u\000s\000i\000o\000n}{}% 107
\BOOKMARK [1][-]{section.7.1}{\376\377\000P\000r\000o\000j\000e\000c\000t\000\040\000S\000u\000m\000m\000a\000r\000y}{chapter.7}% 108
\BOOKMARK [1][-]{section.7.2}{\376\377\000R\000e\000s\000e\000a\000r\000c\000h\000\040\000G\000a\000p\000s\000\040\000A\000d\000d\000r\000e\000s\000s\000e\000d}{chapter.7}% 109
\BOOKMARK [1][-]{section.7.3}{\376\377\000P\000r\000a\000c\000t\000i\000c\000a\000l\000\040\000I\000m\000p\000a\000c\000t}{chapter.7}% 110
\BOOKMARK [1][-]{section.7.4}{\376\377\000L\000i\000m\000i\000t\000a\000t\000i\000o\000n\000s\000\040\000a\000n\000d\000\040\000F\000u\000t\000u\000r\000e\000\040\000D\000i\000r\000e\000c\000t\000i\000o\000n\000s}{chapter.7}% 111
\BOOKMARK [1][-]{section.7.5}{\376\377\000F\000i\000n\000a\000l\000\040\000R\000e\000m\000a\000r\000k\000s}{chapter.7}% 112
\BOOKMARK [0][-]{chapter*.71}{\376\377\000B\000i\000b\000l\000i\000o\000g\000r\000a\000p\000h\000y}{}% 113
\BOOKMARK [0][-]{appendix.A}{\376\377\000L\000o\000g\000b\000o\000o\000k}{}% 114
