This is pdfTeX, Version 3.141592653-2.6-1.40.27 (TeX Live 2026/dev/Arch Linux) (preloaded format=pdflatex 2026.1.10)  4 FEB 2026 23:09
entering extended mode
 restricted \write18 enabled.
 %&-line parsing enabled.
**main.tex
(./main.tex
LaTeX2e <2024-11-01> patch level 2
L3 programming layer <2025-01-18>
(/usr/share/texmf-dist/tex/latex/base/report.cls
Document Class: report 2024/06/29 v1.4n Standard LaTeX document class
(/usr/share/texmf-dist/tex/latex/base/size10.clo
File: size10.clo 2024/06/29 v1.4n Standard LaTeX file (size option)
)
\c@part=\count196
\c@chapter=\count197
\c@section=\count198
\c@subsection=\count199
\c@subsubsection=\count266
\c@paragraph=\count267
\c@subparagraph=\count268
\c@figure=\count269
\c@table=\count270
\abovecaptionskip=\skip49
\belowcaptionskip=\skip50
\bibindent=\dimen141
)
(/usr/share/texmf-dist/tex/latex/base/inputenc.sty
Package: inputenc 2024/02/08 v1.3d Input encoding file
\inpenc@prehook=\toks17
\inpenc@posthook=\toks18
)
(/usr/share/texmf-dist/tex/latex/amsmath/amsmath.sty
Package: amsmath 2024/11/05 v2.17t AMS math features
\@mathmargin=\skip51

For additional information on amsmath, use the `?' option.
(/usr/share/texmf-dist/tex/latex/amsmath/amstext.sty
Package: amstext 2021/08/26 v2.01 AMS text

(/usr/share/texmf-dist/tex/latex/amsmath/amsgen.sty
File: amsgen.sty 1999/11/30 v2.0 generic functions
\@emptytoks=\toks19
\ex@=\dimen142
))
(/usr/share/texmf-dist/tex/latex/amsmath/amsbsy.sty
Package: amsbsy 1999/11/29 v1.2d Bold Symbols
\pmbraise@=\dimen143
)
(/usr/share/texmf-dist/tex/latex/amsmath/amsopn.sty
Package: amsopn 2022/04/08 v2.04 operator names
)
\inf@bad=\count271
LaTeX Info: Redefining \frac on input line 233.
\uproot@=\count272
\leftroot@=\count273
LaTeX Info: Redefining \overline on input line 398.
LaTeX Info: Redefining \colon on input line 409.
\classnum@=\count274
\DOTSCASE@=\count275
LaTeX Info: Redefining \ldots on input line 495.
LaTeX Info: Redefining \dots on input line 498.
LaTeX Info: Redefining \cdots on input line 619.
\Mathstrutbox@=\box52
\strutbox@=\box53
LaTeX Info: Redefining \big on input line 721.
LaTeX Info: Redefining \Big on input line 722.
LaTeX Info: Redefining \bigg on input line 723.
LaTeX Info: Redefining \Bigg on input line 724.
\big@size=\dimen144
LaTeX Font Info:    Redeclaring font encoding OML on input line 742.
LaTeX Font Info:    Redeclaring font encoding OMS on input line 743.
\macc@depth=\count276
LaTeX Info: Redefining \bmod on input line 904.
LaTeX Info: Redefining \pmod on input line 909.
LaTeX Info: Redefining \smash on input line 939.
LaTeX Info: Redefining \relbar on input line 969.
LaTeX Info: Redefining \Relbar on input line 970.
\c@MaxMatrixCols=\count277
\dotsspace@=\muskip17
\c@parentequation=\count278
\dspbrk@lvl=\count279
\tag@help=\toks20
\row@=\count280
\column@=\count281
\maxfields@=\count282
\andhelp@=\toks21
\eqnshift@=\dimen145
\alignsep@=\dimen146
\tagshift@=\dimen147
\tagwidth@=\dimen148
\totwidth@=\dimen149
\lineht@=\dimen150
\@envbody=\toks22
\multlinegap=\skip52
\multlinetaggap=\skip53
\mathdisplay@stack=\toks23
LaTeX Info: Redefining \[ on input line 2953.
LaTeX Info: Redefining \] on input line 2954.
)
(/usr/share/texmf-dist/tex/latex/graphics/graphicx.sty
Package: graphicx 2021/09/16 v1.2d Enhanced LaTeX Graphics (DPC,SPQR)

(/usr/share/texmf-dist/tex/latex/graphics/keyval.sty
Package: keyval 2022/05/29 v1.15 key=value parser (DPC)
\KV@toks@=\toks24
)
(/usr/share/texmf-dist/tex/latex/graphics/graphics.sty
Package: graphics 2024/08/06 v1.4g Standard LaTeX Graphics (DPC,SPQR)

(/usr/share/texmf-dist/tex/latex/graphics/trig.sty
Package: trig 2023/12/02 v1.11 sin cos tan (DPC)
)
(/usr/share/texmf-dist/tex/latex/graphics-cfg/graphics.cfg
File: graphics.cfg 2016/06/04 v1.11 sample graphics configuration
)
Package graphics Info: Driver file: pdftex.def on input line 106.

(/usr/share/texmf-dist/tex/latex/graphics-def/pdftex.def
File: pdftex.def 2024/04/13 v1.2c Graphics/color driver for pdftex
))
\Gin@req@height=\dimen151
\Gin@req@width=\dimen152
)
(/usr/share/texmf-dist/tex/latex/tools/array.sty
Package: array 2024/10/17 v2.6g Tabular extension package (FMi)
\col@sep=\dimen153
\ar@mcellbox=\box54
\extrarowheight=\dimen154
\NC@list=\toks25
\extratabsurround=\skip54
\backup@length=\skip55
\ar@cellbox=\box55
)
(/usr/share/texmf-dist/tex/latex/hyperref/hyperref.sty
Package: hyperref 2024-11-05 v7.01l Hypertext links for LaTeX

(/usr/share/texmf-dist/tex/generic/iftex/iftex.sty
Package: iftex 2024/12/12 v1.0g TeX engine tests
)
(/usr/share/texmf-dist/tex/latex/kvsetkeys/kvsetkeys.sty
Package: kvsetkeys 2022-10-05 v1.19 Key value parser (HO)
)
(/usr/share/texmf-dist/tex/generic/kvdefinekeys/kvdefinekeys.sty
Package: kvdefinekeys 2019-12-19 v1.6 Define keys (HO)
)
(/usr/share/texmf-dist/tex/generic/pdfescape/pdfescape.sty
Package: pdfescape 2019/12/09 v1.15 Implements pdfTeX's escape features (HO)

(/usr/share/texmf-dist/tex/generic/ltxcmds/ltxcmds.sty
Package: ltxcmds 2023-12-04 v1.26 LaTeX kernel commands for general use (HO)
)
(/usr/share/texmf-dist/tex/generic/pdftexcmds/pdftexcmds.sty
Package: pdftexcmds 2020-06-27 v0.33 Utility functions of pdfTeX for LuaTeX (HO
)

(/usr/share/texmf-dist/tex/generic/infwarerr/infwarerr.sty
Package: infwarerr 2019/12/03 v1.5 Providing info/warning/error messages (HO)
)
Package pdftexcmds Info: \pdf@primitive is available.
Package pdftexcmds Info: \pdf@ifprimitive is available.
Package pdftexcmds Info: \pdfdraftmode found.
))
(/usr/share/texmf-dist/tex/latex/hycolor/hycolor.sty
Package: hycolor 2020-01-27 v1.10 Color options for hyperref/bookmark (HO)
)
(/usr/share/texmf-dist/tex/latex/hyperref/nameref.sty
Package: nameref 2023-11-26 v2.56 Cross-referencing by name of section

(/usr/share/texmf-dist/tex/latex/refcount/refcount.sty
Package: refcount 2019/12/15 v3.6 Data extraction from label references (HO)
)
(/usr/share/texmf-dist/tex/generic/gettitlestring/gettitlestring.sty
Package: gettitlestring 2019/12/15 v1.6 Cleanup title references (HO)

(/usr/share/texmf-dist/tex/latex/kvoptions/kvoptions.sty
Package: kvoptions 2022-06-15 v3.15 Key value format for package options (HO)
))
\c@section@level=\count283
)
(/usr/share/texmf-dist/tex/latex/etoolbox/etoolbox.sty
Package: etoolbox 2025/02/11 v2.5l e-TeX tools for LaTeX (JAW)
\etb@tempcnta=\count284
)
(/usr/share/texmf-dist/tex/generic/stringenc/stringenc.sty
Package: stringenc 2019/11/29 v1.12 Convert strings between diff. encodings (HO
)
)
\@linkdim=\dimen155
\Hy@linkcounter=\count285
\Hy@pagecounter=\count286

(/usr/share/texmf-dist/tex/latex/hyperref/pd1enc.def
File: pd1enc.def 2024-11-05 v7.01l Hyperref: PDFDocEncoding definition (HO)
Now handling font encoding PD1 ...
... no UTF-8 mapping file for font encoding PD1
)
(/usr/share/texmf-dist/tex/generic/intcalc/intcalc.sty
Package: intcalc 2019/12/15 v1.3 Expandable calculations with integers (HO)
)
\Hy@SavedSpaceFactor=\count287

(/usr/share/texmf-dist/tex/latex/hyperref/puenc.def
File: puenc.def 2024-11-05 v7.01l Hyperref: PDF Unicode definition (HO)
Now handling font encoding PU ...
... no UTF-8 mapping file for font encoding PU
)
Package hyperref Info: Hyper figures OFF on input line 4157.
Package hyperref Info: Link nesting OFF on input line 4162.
Package hyperref Info: Hyper index ON on input line 4165.
Package hyperref Info: Plain pages OFF on input line 4172.
Package hyperref Info: Backreferencing OFF on input line 4177.
Package hyperref Info: Implicit mode ON; LaTeX internals redefined.
Package hyperref Info: Bookmarks ON on input line 4424.
\c@Hy@tempcnt=\count288

(/usr/share/texmf-dist/tex/latex/url/url.sty
\Urlmuskip=\muskip18
Package: url 2013/09/16  ver 3.4  Verb mode for urls, etc.
)
LaTeX Info: Redefining \url on input line 4763.
\XeTeXLinkMargin=\dimen156

(/usr/share/texmf-dist/tex/generic/bitset/bitset.sty
Package: bitset 2019/12/09 v1.3 Handle bit-vector datatype (HO)

(/usr/share/texmf-dist/tex/generic/bigintcalc/bigintcalc.sty
Package: bigintcalc 2019/12/15 v1.5 Expandable calculations on big integers (HO
)
))
\Fld@menulength=\count289
\Field@Width=\dimen157
\Fld@charsize=\dimen158
Package hyperref Info: Hyper figures OFF on input line 6042.
Package hyperref Info: Link nesting OFF on input line 6047.
Package hyperref Info: Hyper index ON on input line 6050.
Package hyperref Info: backreferencing OFF on input line 6057.
Package hyperref Info: Link coloring OFF on input line 6062.
Package hyperref Info: Link coloring with OCG OFF on input line 6067.
Package hyperref Info: PDF/A mode OFF on input line 6072.

(/usr/share/texmf-dist/tex/latex/base/atbegshi-ltx.sty
Package: atbegshi-ltx 2021/01/10 v1.0c Emulation of the original atbegshi
package with kernel methods
)
\Hy@abspage=\count290
\c@Item=\count291
\c@Hfootnote=\count292
)
Package hyperref Info: Driver (autodetected): hpdftex.

(/usr/share/texmf-dist/tex/latex/hyperref/hpdftex.def
File: hpdftex.def 2024-11-05 v7.01l Hyperref driver for pdfTeX

(/usr/share/texmf-dist/tex/latex/base/atveryend-ltx.sty
Package: atveryend-ltx 2020/08/19 v1.0a Emulation of the original atveryend pac
kage
with kernel methods
)
\Fld@listcount=\count293
\c@bookmark@seq@number=\count294

(/usr/share/texmf-dist/tex/latex/rerunfilecheck/rerunfilecheck.sty
Package: rerunfilecheck 2022-07-10 v1.10 Rerun checks for auxiliary files (HO)

(/usr/share/texmf-dist/tex/generic/uniquecounter/uniquecounter.sty
Package: uniquecounter 2019/12/15 v1.4 Provide unlimited unique counter (HO)
)
Package uniquecounter Info: New unique counter `rerunfilecheck' on input line 2
85.
)
\Hy@SectionHShift=\skip56
)
(/usr/share/texmf-dist/tex/latex/geometry/geometry.sty
Package: geometry 2020/01/02 v5.9 Page Geometry

(/usr/share/texmf-dist/tex/generic/iftex/ifvtex.sty
Package: ifvtex 2019/10/25 v1.7 ifvtex legacy package. Use iftex instead.
)
\Gm@cnth=\count295
\Gm@cntv=\count296
\c@Gm@tempcnt=\count297
\Gm@bindingoffset=\dimen159
\Gm@wd@mp=\dimen160
\Gm@odd@mp=\dimen161
\Gm@even@mp=\dimen162
\Gm@layoutwidth=\dimen163
\Gm@layoutheight=\dimen164
\Gm@layouthoffset=\dimen165
\Gm@layoutvoffset=\dimen166
\Gm@dimlist=\toks26
)
(/usr/share/texmf-dist/tex/latex/setspace/setspace.sty
Package: setspace 2022/12/04 v6.7b set line spacing
)
(/usr/share/texmf-dist/tex/latex/tocbibind/tocbibind.sty
Package: tocbibind 2010/10/13 v1.5k extra ToC listings
Package tocbibind Info: The document has chapter divisions on input line 50.


Package tocbibind Note: Using chapter style headings, unless overridden.

) (/usr/share/texmf-dist/tex/latex/listings/listings.sty
\lst@mode=\count298
\lst@gtempboxa=\box56
\lst@token=\toks27
\lst@length=\count299
\lst@currlwidth=\dimen167
\lst@column=\count300
\lst@pos=\count301
\lst@lostspace=\dimen168
\lst@width=\dimen169
\lst@newlines=\count302
\lst@lineno=\count303
\lst@maxwidth=\dimen170

(/usr/share/texmf-dist/tex/latex/listings/lstpatch.sty
File: lstpatch.sty 2024/09/23 1.10c (Carsten Heinz)
)
(/usr/share/texmf-dist/tex/latex/listings/lstmisc.sty
File: lstmisc.sty 2024/09/23 1.10c (Carsten Heinz)
\c@lstnumber=\count304
\lst@skipnumbers=\count305
\lst@framebox=\box57
)
(/usr/share/texmf-dist/tex/latex/listings/listings.cfg
File: listings.cfg 2024/09/23 1.10c listings configuration
))
Package: listings 2024/09/23 1.10c (Carsten Heinz)

(/usr/share/texmf-dist/tex/latex/xcolor/xcolor.sty
Package: xcolor 2024/09/29 v3.02 LaTeX color extensions (UK)

(/usr/share/texmf-dist/tex/latex/graphics-cfg/color.cfg
File: color.cfg 2016/01/02 v1.6 sample color configuration
)
Package xcolor Info: Driver file: pdftex.def on input line 274.

(/usr/share/texmf-dist/tex/latex/graphics/mathcolor.ltx)
Package xcolor Info: Model `cmy' substituted by `cmy0' on input line 1349.
Package xcolor Info: Model `hsb' substituted by `rgb' on input line 1353.
Package xcolor Info: Model `RGB' extended on input line 1365.
Package xcolor Info: Model `HTML' substituted by `rgb' on input line 1367.
Package xcolor Info: Model `Hsb' substituted by `hsb' on input line 1368.
Package xcolor Info: Model `tHsb' substituted by `hsb' on input line 1369.
Package xcolor Info: Model `HSB' substituted by `hsb' on input line 1370.
Package xcolor Info: Model `Gray' substituted by `gray' on input line 1371.
Package xcolor Info: Model `wave' substituted by `hsb' on input line 1372.
)
(/usr/share/texmf-dist/tex/latex/booktabs/booktabs.sty
Package: booktabs 2020/01/12 v1.61803398 Publication quality tables
\heavyrulewidth=\dimen171
\lightrulewidth=\dimen172
\cmidrulewidth=\dimen173
\belowrulesep=\dimen174
\belowbottomsep=\dimen175
\aboverulesep=\dimen176
\abovetopsep=\dimen177
\cmidrulesep=\dimen178
\cmidrulekern=\dimen179
\defaultaddspace=\dimen180
\@cmidla=\count306
\@cmidlb=\count307
\@aboverulesep=\dimen181
\@belowrulesep=\dimen182
\@thisruleclass=\count308
\@lastruleclass=\count309
\@thisrulewidth=\dimen183
)
(/usr/share/texmf-dist/tex/latex/multirow/multirow.sty
Package: multirow 2024/11/12 v2.9 Span multiple rows of a table
\multirow@colwidth=\skip57
\multirow@cntb=\count310
\multirow@dima=\skip58
\bigstrutjot=\dimen184
)
(/usr/share/texmf-dist/tex/latex/enumitem/enumitem.sty
Package: enumitem 2025/02/06 v3.11 Customized lists
\labelindent=\skip59
\enit@outerparindent=\dimen185
\enit@toks=\toks28
\enit@inbox=\box58
\enit@count@id=\count311
\enitdp@description=\count312
)
(/usr/share/texmf-dist/tex/latex/float/float.sty
Package: float 2001/11/08 v1.3d Float enhancements (AL)
\c@float@type=\count313
\float@exts=\toks29
\float@box=\box59
\@float@everytoks=\toks30
\@floatcapt=\box60
)
(/usr/share/texmf-dist/tex/latex/tools/tabularx.sty
Package: tabularx 2023/12/11 v2.12a `tabularx' package (DPC)
\TX@col@width=\dimen186
\TX@old@table=\dimen187
\TX@old@col=\dimen188
\TX@target=\dimen189
\TX@delta=\dimen190
\TX@cols=\count314
\TX@ftn=\toks31
)
(/usr/share/texmf-dist/tex/latex/tools/longtable.sty
Package: longtable 2024-10-27 v4.22 Multi-page Table package (DPC)
\LTleft=\skip60
\LTright=\skip61
\LTpre=\skip62
\LTpost=\skip63
\LTchunksize=\count315
\LTcapwidth=\dimen191
\LT@head=\box61
\LT@firsthead=\box62
\LT@foot=\box63
\LT@lastfoot=\box64
\LT@gbox=\box65
\LT@cols=\count316
\LT@rows=\count317
\c@LT@tables=\count318
\c@LT@chunks=\count319
\LT@p@ftn=\toks32
)
(/usr/share/texmf-dist/tex/latex/caption/caption.sty
Package: caption 2023/08/05 v3.6o Customizing captions (AR)

(/usr/share/texmf-dist/tex/latex/caption/caption3.sty
Package: caption3 2023/07/31 v2.4d caption3 kernel (AR)
\caption@tempdima=\dimen192
\captionmargin=\dimen193
\caption@leftmargin=\dimen194
\caption@rightmargin=\dimen195
\caption@width=\dimen196
\caption@indent=\dimen197
\caption@parindent=\dimen198
\caption@hangindent=\dimen199
Package caption Info: Standard document class detected.
)
\c@caption@flags=\count320
\c@continuedfloat=\count321
Package caption Info: float package is loaded.
Package caption Info: hyperref package is loaded.
Package caption Info: listings package is loaded.
Package caption Info: longtable package is loaded.

(/usr/share/texmf-dist/tex/latex/caption/ltcaption.sty
Package: ltcaption 2021/01/08 v1.4c longtable captions (AR)
))
(/usr/share/texmf-dist/tex/latex/natbib/natbib.sty
Package: natbib 2010/09/13 8.31b (PWD, AO)
\bibhang=\skip64
\bibsep=\skip65
LaTeX Info: Redefining \cite on input line 694.
\c@NAT@ctr=\count322
)
(/usr/share/texmf-dist/tex/latex/pgf/frontendlayer/tikz.sty
(/usr/share/texmf-dist/tex/latex/pgf/basiclayer/pgf.sty
(/usr/share/texmf-dist/tex/latex/pgf/utilities/pgfrcs.sty
(/usr/share/texmf-dist/tex/generic/pgf/utilities/pgfutil-common.tex
\pgfutil@everybye=\toks33
\pgfutil@tempdima=\dimen256
\pgfutil@tempdimb=\dimen257
)
(/usr/share/texmf-dist/tex/generic/pgf/utilities/pgfutil-latex.def
\pgfutil@abb=\box66
)
(/usr/share/texmf-dist/tex/generic/pgf/utilities/pgfrcs.code.tex
(/usr/share/texmf-dist/tex/generic/pgf/pgf.revision.tex)
Package: pgfrcs 2023-01-15 v3.1.10 (3.1.10)
))
Package: pgf 2023-01-15 v3.1.10 (3.1.10)

(/usr/share/texmf-dist/tex/latex/pgf/basiclayer/pgfcore.sty
(/usr/share/texmf-dist/tex/latex/pgf/systemlayer/pgfsys.sty
(/usr/share/texmf-dist/tex/generic/pgf/systemlayer/pgfsys.code.tex
Package: pgfsys 2023-01-15 v3.1.10 (3.1.10)

(/usr/share/texmf-dist/tex/generic/pgf/utilities/pgfkeys.code.tex
\pgfkeys@pathtoks=\toks34
\pgfkeys@temptoks=\toks35

(/usr/share/texmf-dist/tex/generic/pgf/utilities/pgfkeyslibraryfiltered.code.te
x
\pgfkeys@tmptoks=\toks36
))
\pgf@x=\dimen258
\pgf@y=\dimen259
\pgf@xa=\dimen260
\pgf@ya=\dimen261
\pgf@xb=\dimen262
\pgf@yb=\dimen263
\pgf@xc=\dimen264
\pgf@yc=\dimen265
\pgf@xd=\dimen266
\pgf@yd=\dimen267
\w@pgf@writea=\write3
\r@pgf@reada=\read2
\c@pgf@counta=\count323
\c@pgf@countb=\count324
\c@pgf@countc=\count325
\c@pgf@countd=\count326
\t@pgf@toka=\toks37
\t@pgf@tokb=\toks38
\t@pgf@tokc=\toks39
\pgf@sys@id@count=\count327
 (/usr/share/texmf-dist/tex/generic/pgf/systemlayer/pgf.cfg
File: pgf.cfg 2023-01-15 v3.1.10 (3.1.10)
)
Driver file for pgf: pgfsys-pdftex.def

(/usr/share/texmf-dist/tex/generic/pgf/systemlayer/pgfsys-pdftex.def
File: pgfsys-pdftex.def 2023-01-15 v3.1.10 (3.1.10)

(/usr/share/texmf-dist/tex/generic/pgf/systemlayer/pgfsys-common-pdf.def
File: pgfsys-common-pdf.def 2023-01-15 v3.1.10 (3.1.10)
)))
(/usr/share/texmf-dist/tex/generic/pgf/systemlayer/pgfsyssoftpath.code.tex
File: pgfsyssoftpath.code.tex 2023-01-15 v3.1.10 (3.1.10)
\pgfsyssoftpath@smallbuffer@items=\count328
\pgfsyssoftpath@bigbuffer@items=\count329
)
(/usr/share/texmf-dist/tex/generic/pgf/systemlayer/pgfsysprotocol.code.tex
File: pgfsysprotocol.code.tex 2023-01-15 v3.1.10 (3.1.10)
))
(/usr/share/texmf-dist/tex/generic/pgf/basiclayer/pgfcore.code.tex
Package: pgfcore 2023-01-15 v3.1.10 (3.1.10)

(/usr/share/texmf-dist/tex/generic/pgf/math/pgfmath.code.tex
(/usr/share/texmf-dist/tex/generic/pgf/math/pgfmathutil.code.tex)
(/usr/share/texmf-dist/tex/generic/pgf/math/pgfmathparser.code.tex
\pgfmath@dimen=\dimen268
\pgfmath@count=\count330
\pgfmath@box=\box67
\pgfmath@toks=\toks40
\pgfmath@stack@operand=\toks41
\pgfmath@stack@operation=\toks42
)
(/usr/share/texmf-dist/tex/generic/pgf/math/pgfmathfunctions.code.tex)
(/usr/share/texmf-dist/tex/generic/pgf/math/pgfmathfunctions.basic.code.tex)
(/usr/share/texmf-dist/tex/generic/pgf/math/pgfmathfunctions.trigonometric.code
.tex)
(/usr/share/texmf-dist/tex/generic/pgf/math/pgfmathfunctions.random.code.tex)
(/usr/share/texmf-dist/tex/generic/pgf/math/pgfmathfunctions.comparison.code.te
x) (/usr/share/texmf-dist/tex/generic/pgf/math/pgfmathfunctions.base.code.tex)
(/usr/share/texmf-dist/tex/generic/pgf/math/pgfmathfunctions.round.code.tex)
(/usr/share/texmf-dist/tex/generic/pgf/math/pgfmathfunctions.misc.code.tex)
(/usr/share/texmf-dist/tex/generic/pgf/math/pgfmathfunctions.integerarithmetics
.code.tex) (/usr/share/texmf-dist/tex/generic/pgf/math/pgfmathcalc.code.tex)
(/usr/share/texmf-dist/tex/generic/pgf/math/pgfmathfloat.code.tex
\c@pgfmathroundto@lastzeros=\count331
))
(/usr/share/texmf-dist/tex/generic/pgf/math/pgfint.code.tex)
(/usr/share/texmf-dist/tex/generic/pgf/basiclayer/pgfcorepoints.code.tex
File: pgfcorepoints.code.tex 2023-01-15 v3.1.10 (3.1.10)
\pgf@picminx=\dimen269
\pgf@picmaxx=\dimen270
\pgf@picminy=\dimen271
\pgf@picmaxy=\dimen272
\pgf@pathminx=\dimen273
\pgf@pathmaxx=\dimen274
\pgf@pathminy=\dimen275
\pgf@pathmaxy=\dimen276
\pgf@xx=\dimen277
\pgf@xy=\dimen278
\pgf@yx=\dimen279
\pgf@yy=\dimen280
\pgf@zx=\dimen281
\pgf@zy=\dimen282
)
(/usr/share/texmf-dist/tex/generic/pgf/basiclayer/pgfcorepathconstruct.code.tex
File: pgfcorepathconstruct.code.tex 2023-01-15 v3.1.10 (3.1.10)
\pgf@path@lastx=\dimen283
\pgf@path@lasty=\dimen284
) (/usr/share/texmf-dist/tex/generic/pgf/basiclayer/pgfcorepathusage.code.tex
File: pgfcorepathusage.code.tex 2023-01-15 v3.1.10 (3.1.10)
\pgf@shorten@end@additional=\dimen285
\pgf@shorten@start@additional=\dimen286
)
(/usr/share/texmf-dist/tex/generic/pgf/basiclayer/pgfcorescopes.code.tex
File: pgfcorescopes.code.tex 2023-01-15 v3.1.10 (3.1.10)
\pgfpic=\box68
\pgf@hbox=\box69
\pgf@layerbox@main=\box70
\pgf@picture@serial@count=\count332
)
(/usr/share/texmf-dist/tex/generic/pgf/basiclayer/pgfcoregraphicstate.code.tex
File: pgfcoregraphicstate.code.tex 2023-01-15 v3.1.10 (3.1.10)
\pgflinewidth=\dimen287
)
(/usr/share/texmf-dist/tex/generic/pgf/basiclayer/pgfcoretransformations.code.t
ex
File: pgfcoretransformations.code.tex 2023-01-15 v3.1.10 (3.1.10)
\pgf@pt@x=\dimen288
\pgf@pt@y=\dimen289
\pgf@pt@temp=\dimen290
) (/usr/share/texmf-dist/tex/generic/pgf/basiclayer/pgfcorequick.code.tex
File: pgfcorequick.code.tex 2023-01-15 v3.1.10 (3.1.10)
)
(/usr/share/texmf-dist/tex/generic/pgf/basiclayer/pgfcoreobjects.code.tex
File: pgfcoreobjects.code.tex 2023-01-15 v3.1.10 (3.1.10)
)
(/usr/share/texmf-dist/tex/generic/pgf/basiclayer/pgfcorepathprocessing.code.te
x
File: pgfcorepathprocessing.code.tex 2023-01-15 v3.1.10 (3.1.10)
) (/usr/share/texmf-dist/tex/generic/pgf/basiclayer/pgfcorearrows.code.tex
File: pgfcorearrows.code.tex 2023-01-15 v3.1.10 (3.1.10)
\pgfarrowsep=\dimen291
)
(/usr/share/texmf-dist/tex/generic/pgf/basiclayer/pgfcoreshade.code.tex
File: pgfcoreshade.code.tex 2023-01-15 v3.1.10 (3.1.10)
\pgf@max=\dimen292
\pgf@sys@shading@range@num=\count333
\pgf@shadingcount=\count334
)
(/usr/share/texmf-dist/tex/generic/pgf/basiclayer/pgfcoreimage.code.tex
File: pgfcoreimage.code.tex 2023-01-15 v3.1.10 (3.1.10)
)
(/usr/share/texmf-dist/tex/generic/pgf/basiclayer/pgfcoreexternal.code.tex
File: pgfcoreexternal.code.tex 2023-01-15 v3.1.10 (3.1.10)
\pgfexternal@startupbox=\box71
)
(/usr/share/texmf-dist/tex/generic/pgf/basiclayer/pgfcorelayers.code.tex
File: pgfcorelayers.code.tex 2023-01-15 v3.1.10 (3.1.10)
)
(/usr/share/texmf-dist/tex/generic/pgf/basiclayer/pgfcoretransparency.code.tex
File: pgfcoretransparency.code.tex 2023-01-15 v3.1.10 (3.1.10)
) (/usr/share/texmf-dist/tex/generic/pgf/basiclayer/pgfcorepatterns.code.tex
File: pgfcorepatterns.code.tex 2023-01-15 v3.1.10 (3.1.10)
)
(/usr/share/texmf-dist/tex/generic/pgf/basiclayer/pgfcorerdf.code.tex
File: pgfcorerdf.code.tex 2023-01-15 v3.1.10 (3.1.10)
)))
(/usr/share/texmf-dist/tex/generic/pgf/modules/pgfmoduleshapes.code.tex
File: pgfmoduleshapes.code.tex 2023-01-15 v3.1.10 (3.1.10)
\pgfnodeparttextbox=\box72
)
(/usr/share/texmf-dist/tex/generic/pgf/modules/pgfmoduleplot.code.tex
File: pgfmoduleplot.code.tex 2023-01-15 v3.1.10 (3.1.10)
)
(/usr/share/texmf-dist/tex/latex/pgf/compatibility/pgfcomp-version-0-65.sty
Package: pgfcomp-version-0-65 2023-01-15 v3.1.10 (3.1.10)
\pgf@nodesepstart=\dimen293
\pgf@nodesepend=\dimen294
)
(/usr/share/texmf-dist/tex/latex/pgf/compatibility/pgfcomp-version-1-18.sty
Package: pgfcomp-version-1-18 2023-01-15 v3.1.10 (3.1.10)
))
(/usr/share/texmf-dist/tex/latex/pgf/utilities/pgffor.sty
(/usr/share/texmf-dist/tex/latex/pgf/utilities/pgfkeys.sty
(/usr/share/texmf-dist/tex/generic/pgf/utilities/pgfkeys.code.tex))
(/usr/share/texmf-dist/tex/latex/pgf/math/pgfmath.sty
(/usr/share/texmf-dist/tex/generic/pgf/math/pgfmath.code.tex))
(/usr/share/texmf-dist/tex/generic/pgf/utilities/pgffor.code.tex
Package: pgffor 2023-01-15 v3.1.10 (3.1.10)
\pgffor@iter=\dimen295
\pgffor@skip=\dimen296
\pgffor@stack=\toks43
\pgffor@toks=\toks44
))
(/usr/share/texmf-dist/tex/generic/pgf/frontendlayer/tikz/tikz.code.tex
Package: tikz 2023-01-15 v3.1.10 (3.1.10)

(/usr/share/texmf-dist/tex/generic/pgf/libraries/pgflibraryplothandlers.code.te
x
File: pgflibraryplothandlers.code.tex 2023-01-15 v3.1.10 (3.1.10)
\pgf@plot@mark@count=\count335
\pgfplotmarksize=\dimen297
)
\tikz@lastx=\dimen298
\tikz@lasty=\dimen299
\tikz@lastxsaved=\dimen300
\tikz@lastysaved=\dimen301
\tikz@lastmovetox=\dimen302
\tikz@lastmovetoy=\dimen303
\tikzleveldistance=\dimen304
\tikzsiblingdistance=\dimen305
\tikz@figbox=\box73
\tikz@figbox@bg=\box74
\tikz@tempbox=\box75
\tikz@tempbox@bg=\box76
\tikztreelevel=\count336
\tikznumberofchildren=\count337
\tikznumberofcurrentchild=\count338
\tikz@fig@count=\count339
 (/usr/share/texmf-dist/tex/generic/pgf/modules/pgfmodulematrix.code.tex
File: pgfmodulematrix.code.tex 2023-01-15 v3.1.10 (3.1.10)
\pgfmatrixcurrentrow=\count340
\pgfmatrixcurrentcolumn=\count341
\pgf@matrix@numberofcolumns=\count342
)
\tikz@expandcount=\count343

(/usr/share/texmf-dist/tex/generic/pgf/frontendlayer/tikz/libraries/tikzlibrary
topaths.code.tex
File: tikzlibrarytopaths.code.tex 2023-01-15 v3.1.10 (3.1.10)
))) (/usr/share/texmf-dist/tex/latex/pgfplots/pgfplots.sty
(/usr/share/texmf-dist/tex/generic/pgfplots/pgfplots.revision.tex)
Package: pgfplots 2021/05/15 v1.18.1 Data Visualization (1.18.1)

(/usr/share/texmf-dist/tex/generic/pgfplots/pgfplots.code.tex
(/usr/share/texmf-dist/tex/generic/pgfplots/pgfplotscore.code.tex
\t@pgfplots@toka=\toks45
\t@pgfplots@tokb=\toks46
\t@pgfplots@tokc=\toks47
\pgfplots@tmpa=\dimen306
\c@pgfplots@coordindex=\count344
\c@pgfplots@scanlineindex=\count345

(/usr/share/texmf-dist/tex/generic/pgfplots/sys/pgfplotssysgeneric.code.tex))
(/usr/share/texmf-dist/tex/generic/pgfplots/libs/pgfplotslibrary.code.tex)
(/usr/share/texmf-dist/tex/generic/pgfplots/oldpgfcompatib/pgfplotsoldpgfsupp_l
oader.code.tex
(/usr/share/texmf-dist/tex/generic/pgf/libraries/pgflibraryfpu.code.tex)
Package pgfplots: loading complementary utilities for your pgf version...
\t@pgf@toka=\toks48
\t@pgf@tokb=\toks49
\t@pgf@tokc=\toks50

(/usr/share/texmf-dist/tex/generic/pgfplots/oldpgfcompatib/pgfplotsoldpgfsupp_p
gfutil-common-lists.tex))
(/usr/share/texmf-dist/tex/generic/pgfplots/util/pgfplotsutil.code.tex
(/usr/share/texmf-dist/tex/generic/pgfplots/liststructure/pgfplotsliststructure
.code.tex)
(/usr/share/texmf-dist/tex/generic/pgfplots/liststructure/pgfplotsliststructure
ext.code.tex)
(/usr/share/texmf-dist/tex/generic/pgfplots/liststructure/pgfplotsarray.code.te
x
\c@pgfplotsarray@tmp=\count346
)
(/usr/share/texmf-dist/tex/generic/pgfplots/liststructure/pgfplotsmatrix.code.t
ex)
(/usr/share/texmf-dist/tex/generic/pgfplots/numtable/pgfplotstableshared.code.t
ex
\c@pgfplotstable@counta=\count347
\t@pgfplotstable@a=\toks51
)
(/usr/share/texmf-dist/tex/generic/pgfplots/liststructure/pgfplotsdeque.code.te
x) (/usr/share/texmf-dist/tex/generic/pgfplots/util/pgfplotsbinary.code.tex
(/usr/share/texmf-dist/tex/generic/pgfplots/util/pgfplotsbinary.data.code.tex))
(/usr/share/texmf-dist/tex/generic/pgfplots/util/pgfplotsutil.verb.code.tex)
(/usr/share/texmf-dist/tex/generic/pgfplots/libs/pgflibrarypgfplots.surfshading
.code.tex
\c@pgfplotslibrarysurf@no=\count348

(/usr/share/texmf-dist/tex/generic/pgfplots/sys/pgflibrarypgfplots.surfshading.
pgfsys-pdftex.def)))
(/usr/share/texmf-dist/tex/generic/pgfplots/util/pgfplotscolormap.code.tex
(/usr/share/texmf-dist/tex/generic/pgfplots/util/pgfplotscolor.code.tex))
(/usr/share/texmf-dist/tex/generic/pgfplots/pgfplotsstackedplots.code.tex)
(/usr/share/texmf-dist/tex/generic/pgfplots/pgfplotsplothandlers.code.tex
(/usr/share/texmf-dist/tex/generic/pgfplots/pgfplotsmeshplothandler.code.tex
(/usr/share/texmf-dist/tex/generic/pgfplots/pgfplotsmeshplotimage.code.tex)))
(/usr/share/texmf-dist/tex/generic/pgfplots/pgfplots.scaling.code.tex)
(/usr/share/texmf-dist/tex/generic/pgfplots/pgfplotscoordprocessing.code.tex)
(/usr/share/texmf-dist/tex/generic/pgfplots/pgfplots.errorbars.code.tex)
(/usr/share/texmf-dist/tex/generic/pgfplots/pgfplots.markers.code.tex)
(/usr/share/texmf-dist/tex/generic/pgfplots/pgfplotsticks.code.tex)
(/usr/share/texmf-dist/tex/generic/pgfplots/pgfplots.paths.code.tex)
(/usr/share/texmf-dist/tex/generic/pgf/frontendlayer/tikz/libraries/tikzlibrary
decorations.code.tex
(/usr/share/texmf-dist/tex/generic/pgf/modules/pgfmoduledecorations.code.tex
\pgfdecoratedcompleteddistance=\dimen307
\pgfdecoratedremainingdistance=\dimen308
\pgfdecoratedinputsegmentcompleteddistance=\dimen309
\pgfdecoratedinputsegmentremainingdistance=\dimen310
\pgf@decorate@distancetomove=\dimen311
\pgf@decorate@repeatstate=\count349
\pgfdecorationsegmentamplitude=\dimen312
\pgfdecorationsegmentlength=\dimen313
)
\tikz@lib@dec@box=\box77
)
(/usr/share/texmf-dist/tex/generic/pgf/frontendlayer/tikz/libraries/tikzlibrary
decorations.pathmorphing.code.tex
(/usr/share/texmf-dist/tex/generic/pgf/libraries/decorations/pgflibrarydecorati
ons.pathmorphing.code.tex))
(/usr/share/texmf-dist/tex/generic/pgf/frontendlayer/tikz/libraries/tikzlibrary
decorations.pathreplacing.code.tex
(/usr/share/texmf-dist/tex/generic/pgf/libraries/decorations/pgflibrarydecorati
ons.pathreplacing.code.tex))
(/usr/share/texmf-dist/tex/generic/pgfplots/libs/tikzlibrarypgfplots.contourlua
.code.tex)
\pgfplots@numplots=\count350
\pgfplots@xmin@reg=\dimen314
\pgfplots@xmax@reg=\dimen315
\pgfplots@ymin@reg=\dimen316
\pgfplots@ymax@reg=\dimen317
\pgfplots@zmin@reg=\dimen318
\pgfplots@zmax@reg=\dimen319
)
(/usr/share/texmf-dist/tex/generic/pgf/frontendlayer/tikz/libraries/tikzlibrary
plotmarks.code.tex
File: tikzlibraryplotmarks.code.tex 2023-01-15 v3.1.10 (3.1.10)

(/usr/share/texmf-dist/tex/generic/pgf/libraries/pgflibraryplotmarks.code.tex
File: pgflibraryplotmarks.code.tex 2023-01-15 v3.1.10 (3.1.10)
))) (/usr/share/texmf-dist/tex/latex/pdfpages/pdfpages.sty
Package: pdfpages 2025/01/30 v0.6e Insert pages of external PDF documents (AM)

(/usr/share/texmf-dist/tex/latex/base/ifthen.sty
Package: ifthen 2024/03/16 v1.1e Standard LaTeX ifthen package (DPC)
)
(/usr/share/texmf-dist/tex/latex/tools/calc.sty
Package: calc 2023/07/08 v4.3 Infix arithmetic (KKT,FJ)
\calc@Acount=\count351
\calc@Bcount=\count352
\calc@Adimen=\dimen320
\calc@Bdimen=\dimen321
\calc@Askip=\skip66
\calc@Bskip=\skip67
LaTeX Info: Redefining \setlength on input line 80.
LaTeX Info: Redefining \addtolength on input line 81.
\calc@Ccount=\count353
\calc@Cskip=\skip68
)
(/usr/share/texmf-dist/tex/latex/eso-pic/eso-pic.sty
Package: eso-pic 2023/05/03 v3.0c eso-pic (RN)
\ESO@tempdima=\dimen322
\ESO@tempdimb=\dimen323
)
\AM@pagewidth=\dimen324
\AM@pageheight=\dimen325
\AM@fboxrule=\dimen326

(/usr/share/texmf-dist/tex/latex/pdfpages/pppdftex.def
File: pppdftex.def 2025/01/30 v0.6e Pdfpages driver for pdfTeX (AM)
)
\pdfpages@includegraphics@status=\count354
\AM@pagebox=\box78
\AM@global@opts=\toks52
\AM@pagecnt=\count355
\AM@toc@title=\toks53
\AM@lof@heading=\toks54
\c@AM@survey=\count356
\AM@templatesizebox=\box79
)
(/usr/share/texmf-dist/tex/latex/amsfonts/amssymb.sty
Package: amssymb 2013/01/14 v3.01 AMS font symbols

(/usr/share/texmf-dist/tex/latex/amsfonts/amsfonts.sty
Package: amsfonts 2013/01/14 v3.01 Basic AMSFonts support
\symAMSa=\mathgroup4
\symAMSb=\mathgroup5
LaTeX Font Info:    Redeclaring math symbol \hbar on input line 98.
LaTeX Font Info:    Overwriting math alphabet `\mathfrak' in version `bold'
(Font)                  U/euf/m/n --> U/euf/b/n on input line 106.
))
(/usr/share/texmf-dist/tex/generic/pgf/frontendlayer/tikz/libraries/tikzlibrary
mindmap.code.tex
File: tikzlibrarymindmap.code.tex 2023-01-15 v3.1.10 (3.1.10)

(/usr/share/texmf-dist/tex/generic/pgf/frontendlayer/tikz/libraries/tikzlibrary
trees.code.tex
File: tikzlibrarytrees.code.tex 2023-01-15 v3.1.10 (3.1.10)
))
(/usr/share/texmf-dist/tex/generic/pgf/frontendlayer/tikz/libraries/tikzlibrary
shapes.misc.code.tex
File: tikzlibraryshapes.misc.code.tex 2023-01-15 v3.1.10 (3.1.10)

(/usr/share/texmf-dist/tex/generic/pgf/libraries/shapes/pgflibraryshapes.misc.c
ode.tex
File: pgflibraryshapes.misc.code.tex 2023-01-15 v3.1.10 (3.1.10)
))
(/usr/share/texmf-dist/tex/generic/pgf/frontendlayer/tikz/libraries/tikzlibrary
positioning.code.tex
File: tikzlibrarypositioning.code.tex 2023-01-15 v3.1.10 (3.1.10)
)
(/usr/share/texmf-dist/tex/generic/pgf/frontendlayer/tikz/libraries/tikzlibrary
calc.code.tex
File: tikzlibrarycalc.code.tex 2023-01-15 v3.1.10 (3.1.10)
)
(/usr/share/texmf-dist/tex/generic/pgf/libraries/pgflibraryarrows.meta.code.tex
File: pgflibraryarrows.meta.code.tex 2023-01-15 v3.1.10 (3.1.10)
\pgfarrowinset=\dimen327
\pgfarrowlength=\dimen328
\pgfarrowwidth=\dimen329
\pgfarrowlinewidth=\dimen330
)

Package geometry Warning: Over-specification in `h'-direction.
    `width' (483.69684pt) is ignored.


Package geometry Warning: Over-specification in `v'-direction.
    `height' (731.23582pt) is ignored.

(/usr/share/texmf-dist/tex/latex/l3backend/l3backend-pdftex.def
File: l3backend-pdftex.def 2024-05-08 L3 backend support: PDF output (pdfTeX)
\l__color_backend_stack_int=\count357
\l__pdf_internal_box=\box80
) (./main.aux)
\openout1 = `main.aux'.

LaTeX Font Info:    Checking defaults for OML/cmm/m/it on input line 113.
LaTeX Font Info:    ... okay on input line 113.
LaTeX Font Info:    Checking defaults for OMS/cmsy/m/n on input line 113.
LaTeX Font Info:    ... okay on input line 113.
LaTeX Font Info:    Checking defaults for OT1/cmr/m/n on input line 113.
LaTeX Font Info:    ... okay on input line 113.
LaTeX Font Info:    Checking defaults for T1/cmr/m/n on input line 113.
LaTeX Font Info:    ... okay on input line 113.
LaTeX Font Info:    Checking defaults for TS1/cmr/m/n on input line 113.
LaTeX Font Info:    ... okay on input line 113.
LaTeX Font Info:    Checking defaults for OMX/cmex/m/n on input line 113.
LaTeX Font Info:    ... okay on input line 113.
LaTeX Font Info:    Checking defaults for U/cmr/m/n on input line 113.
LaTeX Font Info:    ... okay on input line 113.
LaTeX Font Info:    Checking defaults for PD1/pdf/m/n on input line 113.
LaTeX Font Info:    ... okay on input line 113.
LaTeX Font Info:    Checking defaults for PU/pdf/m/n on input line 113.
LaTeX Font Info:    ... okay on input line 113.

(/usr/share/texmf-dist/tex/context/base/mkii/supp-pdf.mkii
[Loading MPS to PDF converter (version 2006.09.02).]
\scratchcounter=\count358
\scratchdimen=\dimen331
\scratchbox=\box81
\nofMPsegments=\count359
\nofMParguments=\count360
\everyMPshowfont=\toks55
\MPscratchCnt=\count361
\MPscratchDim=\dimen332
\MPnumerator=\count362
\makeMPintoPDFobject=\count363
\everyMPtoPDFconversion=\toks56
) (/usr/share/texmf-dist/tex/latex/epstopdf-pkg/epstopdf-base.sty
Package: epstopdf-base 2020-01-24 v2.11 Base part for package epstopdf
Package epstopdf-base Info: Redefining graphics rule for `.eps' on input line 4
85.

(/usr/share/texmf-dist/tex/latex/latexconfig/epstopdf-sys.cfg
File: epstopdf-sys.cfg 2010/07/13 v1.3 Configuration of (r)epstopdf for TeX Liv
e
))
Package hyperref Info: Link coloring OFF on input line 113.
 (./main.out)
(./main.out)
\@outlinefile=\write4
\openout4 = `main.out'.


*geometry* driver: auto-detecting
*geometry* detected driver: pdftex
*geometry* verbose mode - [ preamble ] result:
* driver: pdftex
* paper: a4paper
* layout: <same size as paper>
* layoutoffset:(h,v)=(0.0pt,0.0pt)
* modes: 
* h-part:(L,W,R)=(71.13188pt, 455.24411pt, 71.13188pt)
* v-part:(T,H,B)=(71.13188pt, 702.78308pt, 71.13188pt)
* \paperwidth=597.50787pt
* \paperheight=845.04684pt
* \textwidth=455.24411pt
* \textheight=702.78308pt
* \oddsidemargin=-1.1381pt
* \evensidemargin=-1.1381pt
* \topmargin=-38.1381pt
* \headheight=12.0pt
* \headsep=25.0pt
* \topskip=10.0pt
* \footskip=30.0pt
* \marginparwidth=65.0pt
* \marginparsep=11.0pt
* \columnsep=10.0pt
* \skip\footins=9.0pt plus 4.0pt minus 2.0pt
* \hoffset=0.0pt
* \voffset=0.0pt
* \mag=1000
* \@twocolumnfalse
* \@twosidefalse
* \@mparswitchfalse
* \@reversemarginfalse
* (1in=72.27pt=25.4mm, 1cm=28.453pt)

\c@lstlisting=\count364
Package caption Info: Begin \AtBeginDocument code.
Package caption Info: End \AtBeginDocument code.
Package pgfplots notification 'compat/show suggested version=true': document ha
s been generated with the most recent feature set (\pgfplotsset{compat=1.18}).

(/usr/share/texmf-dist/tex/latex/pdflscape/pdflscape.sty
Package: pdflscape 2022-10-27 v0.13 Display of landscape pages in PDF

(/usr/share/texmf-dist/tex/latex/pdflscape/pdflscape-nometadata.sty
Package: pdflscape-nometadata 2022-10-28 v0.13 Display of landscape pages in PD
F (HO)

(/usr/share/texmf-dist/tex/latex/graphics/lscape.sty
Package: lscape 2020/05/28 v3.02 Landscape Pages (DPC)
)
Package pdflscape Info: Auto-detected driver: pdftex on input line 81.
))
<png2pdf.pdf, id=465, 844.88843pt x 175.08711pt>
File: png2pdf.pdf Graphic file (type pdf)
<use png2pdf.pdf>
Package pdftex.def Info: png2pdf.pdf  used on input line 123.
(pdftex.def)             Requested size: 455.24411pt x 94.3399pt.


[1

{/var/lib/texmf/fonts/map/pdftex/updmap/pdftex.map} <./png2pdf.pdf>]


pdfTeX warning (ext4): destination with the same identifier (name{page.1}) has 
been already used, duplicate ignored
<to be read again> 
                   \relax 
l.159 \clearpage
                 [1

]

[2


] (./main.toc
LaTeX Font Info:    Trying to load font information for U+msa on input line 6.
 (/usr/share/texmf-dist/tex/latex/amsfonts/umsa.fd
File: umsa.fd 2013/01/14 v3.01 AMS symbols A
)
LaTeX Font Info:    Trying to load font information for U+msb on input line 6.

(/usr/share/texmf-dist/tex/latex/amsfonts/umsb.fd
File: umsb.fd 2013/01/14 v3.01 AMS symbols B
)

[3


]

[4])
\tf@toc=\write5
\openout5 = `main.toc'.



[5] (./main.lot)
\tf@lot=\write6
\openout6 = `main.lot'.



[6


] (./main.lof)
\tf@lof=\write7
\openout7 = `main.lof'.



[7


] (./chapter1.tex
Chapter 1.


[8


]

[9]) (./chapter2.tex

[10]
Chapter 2.


[11

]
Overfull \hbox (18.22092pt too wide) in paragraph at lines 51--60
 [][] 
 []


Package natbib Warning: Citation `qin2023pairwise' on page 12 undefined on inpu
t line 87.



[12]

LaTeX Warning: `h' float specifier changed to `ht'.



[13]

[14]
Overfull \hbox (2.53705pt too wide) in paragraph at lines 202--202
[]\OT1/cmr/bx/n/14.4 Proposed Ap-proach: Mul-ti-modal LTR-Enhanced Search En-
 []



[15])

[16]
Chapter 3.

Package pgf Warning: Returning node center instead of a point on node border. D
id you specify a point identical to the center of node ``review''? on input lin
e 222.


Package pgf Warning: Returning node center instead of a point on node border. D
id you specify a point identical to the center of node ``plan''? on input line 
222.



[17

]

[18]

[19]

[20]

[21]

[22]
Chapter 4.

Underfull \hbox (badness 3291) in paragraph at lines 467--467
[]|\OT1/cmr/m/n/10 Specified data source re-quire-ments,
 []


Underfull \hbox (badness 6412) in paragraph at lines 467--467
[]|\OT1/cmr/m/n/10 Detailed cur-rent search work-flows,
 []



[23

]
<collab1.png, id=1020, 632.3625pt x 896.34875pt>
File: collab1.png Graphic file (type png)
<use collab1.png>
Package pdftex.def Info: collab1.png  used on input line 481.
(pdftex.def)             Requested size: 136.57462pt x 193.58656pt.
<collab2.png, id=1021, 636.3775pt x 905.3825pt>
File: collab2.png Graphic file (type png)
<use collab2.png>
Package pdftex.def Info: collab2.png  used on input line 482.
(pdftex.def)             Requested size: 136.57462pt x 194.29425pt.
<collab3.png, id=1022, 627.34375pt x 884.30376pt>
File: collab3.png Graphic file (type png)
<use collab3.png>
Package pdftex.def Info: collab3.png  used on input line 483.
(pdftex.def)             Requested size: 136.57462pt x 192.50993pt.


[24 <./collab1.png (PNG copy)> <./collab2.png (PNG copy)> <./collab3.png (PNG c
opy)>]
<physicalpic.png, id=1029, 1284.8pt x 963.6pt>
File: physicalpic.png Graphic file (type png)
<use physicalpic.png>
Package pdftex.def Info: physicalpic.png  used on input line 528.
(pdftex.def)             Requested size: 341.43307pt x 256.07324pt.


[25]
<FYPschedulescreenshot.png, id=1036, 1466.47874pt x 1318.9275pt>
File: FYPschedulescreenshot.png Graphic file (type png)
<use FYPschedulescreenshot.png>
Package pdftex.def Info: FYPschedulescreenshot.png  used on input line 541.
(pdftex.def)             Requested size: 386.96027pt x 348.02486pt.


[26 <./physicalpic.png>] (./chapter5.tex

[27 <./FYPschedulescreenshot.png (PNG copy)>]
Chapter 5.


[28

]

[29]
<HTA.drawio.png, id=1054, 1403.2425pt x 433.62pt>
File: HTA.drawio.png Graphic file (type png)
<use HTA.drawio.png>
Package pdftex.def Info: HTA.drawio.png  used on input line 30.
(pdftex.def)             Requested size: 455.24411pt x 140.6734pt.


[30

 <./HTA.drawio.png>]
<updated_uc1.drawio.pdf, id=1062, 1011.78pt x 650.43pt>
File: updated_uc1.drawio.pdf Graphic file (type pdf)
<use updated_uc1.drawio.pdf>
Package pdftex.def Info: updated_uc1.drawio.pdf  used on input line 40.
(pdftex.def)             Requested size: 432.47868pt x 278.022pt.


[31

 <./updated_uc1.drawio.pdf>]
<updated_uc2.drawio.pdf, id=1081, 1156.32pt x 722.7pt>
File: updated_uc2.drawio.pdf Graphic file (type pdf)
<use updated_uc2.drawio.pdf>
Package pdftex.def Info: updated_uc2.drawio.pdf  used on input line 50.
(pdftex.def)             Requested size: 432.47208pt x 270.29504pt.


[32

 <./updated_uc2.drawio.pdf>]
<updated_uc3.drawio.pdf, id=1100, 1156.32pt x 794.97pt>
File: updated_uc3.drawio.pdf Graphic file (type pdf)
<use updated_uc3.drawio.pdf>
Package pdftex.def Info: updated_uc3.drawio.pdf  used on input line 60.
(pdftex.def)             Requested size: 432.47208pt x 297.32455pt.


[33

 <./updated_uc3.drawio.pdf>]
<updated_uc4.drawio.pdf, id=1119, 1156.32pt x 722.7pt>
File: updated_uc4.drawio.pdf Graphic file (type pdf)
<use updated_uc4.drawio.pdf>
Package pdftex.def Info: updated_uc4.drawio.pdf  used on input line 70.
(pdftex.def)             Requested size: 432.47208pt x 270.29504pt.


[34

 <./updated_uc4.drawio.pdf>]
Overfull \hbox (1.17958pt too wide) in alignment at lines 81--85
 [] [] [] 
 []


Overfull \hbox (1.17958pt too wide) in alignment at lines 85--90
 [] [] [] 
 []


Overfull \hbox (1.17958pt too wide) in alignment at lines 90--94
 [] [] [] 
 []


Overfull \hbox (1.17958pt too wide) in alignment at lines 94--97
 [] [] [] 
 []


Overfull \hbox (1.17958pt too wide) in alignment at lines 97--575
 [] [] [] 
 []

[35

] [36] [37] [38] [39] [40] [41]) (./chapter5_usecases_simple.tex

[42]

[43]

[44]

[45]) (./chapter5_continuation.tex
<activity1_fixed.drawio (3).pdf, id=1388, 597.19106pt x 845.07718pt>
File: activity1_fixed.drawio (3).pdf Graphic file (type pdf)
<use activity1_fixed.drawio (3).pdf>
Package pdftex.def Info: activity1_fixed.drawio (3).pdf  used on input line 8.
(pdftex.def)             Requested size: 250.38564pt x 354.31105pt.
<activity2.drawio.pdf, id=1390, 1011.78pt x 1011.78pt>
File: activity2.drawio.pdf Graphic file (type pdf)
<use activity2.drawio.pdf>
Package pdftex.def Info: activity2.drawio.pdf  used on input line 17.
(pdftex.def)             Requested size: 250.38564pt x 250.38158pt.


[46

 <./activity1_fixed.drawio (3).pdf>]
<activity3.drawio.pdf, id=1410, 1011.78pt x 1156.32pt>
File: activity3.drawio.pdf Graphic file (type pdf)
<use activity3.drawio.pdf>
Package pdftex.def Info: activity3.drawio.pdf  used on input line 26.
(pdftex.def)             Requested size: 250.38564pt x 286.15039pt.


[47 <./activity2.drawio.pdf> <./activity3.drawio.pdf>]
<activity4.drawio.pdf, id=1446, 1011.78pt x 867.24pt>
File: activity4.drawio.pdf Graphic file (type pdf)
<use activity4.drawio.pdf>
Package pdftex.def Info: activity4.drawio.pdf  used on input line 35.
(pdftex.def)             Requested size: 250.38564pt x 214.6128pt.
<activity5.drawio.pdf, id=1448, 1011.78pt x 1011.78pt>
File: activity5.drawio.pdf Graphic file (type pdf)
<use activity5.drawio.pdf>
Package pdftex.def Info: activity5.drawio.pdf  used on input line 44.
(pdftex.def)             Requested size: 250.38564pt x 250.38158pt.


[48 <./activity4.drawio.pdf>]
<activity6.drawio.pdf, id=1469, 1011.78pt x 1156.32pt>
File: activity6.drawio.pdf Graphic file (type pdf)
<use activity6.drawio.pdf>
Package pdftex.def Info: activity6.drawio.pdf  used on input line 53.
(pdftex.def)             Requested size: 250.38564pt x 286.15039pt.


[49 <./activity5.drawio.pdf> <./activity6.drawio.pdf>]
<activity7.drawio.pdf, id=1506, 1011.78pt x 1011.78pt>
File: activity7.drawio.pdf Graphic file (type pdf)
<use activity7.drawio.pdf>
Package pdftex.def Info: activity7.drawio.pdf  used on input line 62.
(pdftex.def)             Requested size: 250.38564pt x 250.38158pt.
<activity8.drawio.pdf, id=1508, 1011.78pt x 1011.78pt>
File: activity8.drawio.pdf Graphic file (type pdf)
<use activity8.drawio.pdf>
Package pdftex.def Info: activity8.drawio.pdf  used on input line 71.
(pdftex.def)             Requested size: 250.38564pt x 250.38158pt.


[50 <./activity7.drawio.pdf>]
<activity9.drawio.pdf, id=1529, 1011.78pt x 1011.78pt>
File: activity9.drawio.pdf Graphic file (type pdf)
<use activity9.drawio.pdf>
Package pdftex.def Info: activity9.drawio.pdf  used on input line 80.
(pdftex.def)             Requested size: 250.38564pt x 250.38158pt.


[51 <./activity8.drawio.pdf> <./activity9.drawio.pdf>]
<activity10.drawio.pdf, id=1564, 1011.78pt x 1084.05pt>
File: activity10.drawio.pdf Graphic file (type pdf)
<use activity10.drawio.pdf>
Package pdftex.def Info: activity10.drawio.pdf  used on input line 89.
(pdftex.def)             Requested size: 250.38564pt x 268.26599pt.


[52 <./activity10.drawio.pdf>]
<class.drawio.png, id=1584, 2340.745pt x 1165.35374pt>
File: class.drawio.png Graphic file (type png)
<use class.drawio.png>
Package pdftex.def Info: class.drawio.png  used on input line 105.
(pdftex.def)             Requested size: 455.24411pt x 226.64737pt.

Overfull \hbox (8.77356pt too wide) in paragraph at lines 119--120
\OT1/cmr/m/n/10 (UUID), \OT1/cmtt/m/n/10 title\OT1/cmr/m/n/10 , \OT1/cmtt/m/n/1
0 content[]hash \OT1/cmr/m/n/10 (SHA-256 for dedu-pli-ca-tion), \OT1/cmtt/m/n/1
0 source[]type \OT1/cmr/m/n/10 (enum: Con-flu-ence, GoogleDrive,
 []


Overfull \hbox (11.61877pt too wide) in paragraph at lines 119--120
\OT1/cmr/m/n/10 stor-age paths (\OT1/cmtt/m/n/10 text[]storage[]path\OT1/cmr/m/
n/10 , \OT1/cmtt/m/n/10 images[]storage[]path\OT1/cmr/m/n/10 ). Times-tamps in-
clude \OT1/cmtt/m/n/10 created[]at\OT1/cmr/m/n/10 , \OT1/cmtt/m/n/10 modified[]
at\OT1/cmr/m/n/10 ,
 []


Overfull \hbox (7.06711pt too wide) in paragraph at lines 122--123
\OT1/cmr/m/n/10 (UUID), par-ent \OT1/cmtt/m/n/10 document[]id \OT1/cmr/m/n/10 (
for-eign key), \OT1/cmtt/m/n/10 chunk[]index \OT1/cmr/m/n/10 (in-te-ger po-si-t
ion within doc-u-ment), \OT1/cmtt/m/n/10 text[]content
 []



[53

 <./class.drawio.png>]
Overfull \hbox (60.57625pt too wide) in paragraph at lines 128--129
\OT1/cmr/m/n/10 (for-eign key), \OT1/cmtt/m/n/10 query[]text\OT1/cmr/m/n/10 , \
OT1/cmtt/m/n/10 result[]count\OT1/cmr/m/n/10 , la-tency met-rics (\OT1/cmtt/m/n
/10 bm25[]latency[]ms\OT1/cmr/m/n/10 , \OT1/cmtt/m/n/10 vector[]latency[]ms\OT1
/cmr/m/n/10 , \OT1/cmtt/m/n/10 rerank[]latency[]ms\OT1/cmr/m/n/10 ,
 []


Overfull \hbox (1.94763pt too wide) in paragraph at lines 137--138
\OT1/cmr/m/n/10 coun-ters (\OT1/cmtt/m/n/10 documents[]processed\OT1/cmr/m/n/10
 , \OT1/cmtt/m/n/10 documents[]failed\OT1/cmr/m/n/10 ), and \OT1/cmtt/m/n/10 er
ror[]message \OT1/cmr/m/n/10 if failed. In-dexes on \OT1/cmtt/m/n/10 source[]id

 []


Overfull \hbox (40.76152pt too wide) in paragraph at lines 140--141
\OT1/cmr/m/n/10 la-tion-ship be-tween Users and Doc-u-ments through en-tries co
n-tain-ing \OT1/cmtt/m/n/10 user[]id\OT1/cmr/m/n/10 , \OT1/cmtt/m/n/10 document
[]id\OT1/cmr/m/n/10 , and \OT1/cmtt/m/n/10 permission[]level
 []



[54]

[55]
<deployment.drawio.pdf, id=1601, 1300.86pt x 722.7pt>
File: deployment.drawio.pdf Graphic file (type pdf)
<use deployment.drawio.pdf>
Package pdftex.def Info: deployment.drawio.pdf  used on input line 164.
(pdftex.def)             Requested size: 455.24411pt x 252.9157pt.


[56

 <./deployment.drawio.pdf>]

[57]
Underfull \hbox (badness 10000) in paragraph at lines 247--247
[]|\OT1/cmr/bx/n/9 Quality At-
 []


Underfull \hbox (badness 10000) in paragraph at lines 247--247
[]|\OT1/cmr/m/n/9 Security: Au-
 []


Overfull \hbox (2.72823pt too wide) in paragraph at lines 247--247
[]|\OT1/cmr/m/n/9 LDAP/SAML/OAuth2
 []


Underfull \hbox (badness 1205) in paragraph at lines 247--247
[]|\OT1/cmr/m/n/9 SSO lo-gin test-
 []


Underfull \hbox (badness 2012) in paragraph at lines 247--247
\OT1/cmr/m/n/9 ing with en-ter-
 []


Underfull \hbox (badness 10000) in paragraph at lines 247--247
\OT1/cmr/m/n/9 show-ing de-nied
 []


Underfull \hbox (badness 2302) in paragraph at lines 247--247
[]|\OT1/cmr/m/n/9 Security: Data
 []


Underfull \hbox (badness 10000) in paragraph at lines 247--247
[]|\OT1/cmr/m/n/9 On-premise de-ploy-
 []


Underfull \hbox (badness 4872) in paragraph at lines 247--247
\OT1/cmr/m/n/9 ment with AES-256
 []


Underfull \hbox (badness 10000) in paragraph at lines 247--247
[]|\OT1/cmr/m/n/9 Security au-dit
 []


Underfull \hbox (badness 10000) in paragraph at lines 247--247
\OT1/cmr/m/n/9 con-firm-ing no
 []


Underfull \hbox (badness 10000) in paragraph at lines 247--247
\OT1/cmr/m/n/9 ex-ter-nal API
 []


Underfull \hbox (badness 10000) in paragraph at lines 247--247
[]|\OT1/cmr/m/n/9 Performance:
 []


Underfull \hbox (badness 10000) in paragraph at lines 247--247
[]|\OT1/cmr/m/n/9 Two-stage rank-ing
 []


Underfull \hbox (badness 10000) in paragraph at lines 247--247
\OT1/cmr/m/n/9 (fast re-trieval +
 []


Underfull \hbox (badness 10000) in paragraph at lines 247--247
\OT1/cmr/m/n/9 bounded rerank-ing)
 []


Underfull \hbox (badness 10000) in paragraph at lines 247--247
[]|\OT1/cmr/m/n/9 Prometheus
 []


Underfull \hbox (badness 10000) in paragraph at lines 247--247
\OT1/cmr/m/n/9 mon-i-tor-ing
 []


Underfull \hbox (badness 10000) in paragraph at lines 247--247
\OT1/cmr/m/n/9 show-ing p90
 []


Underfull \hbox (badness 10000) in paragraph at lines 247--247
[]|\OT1/cmr/m/n/9 Performance:
 []


Underfull \hbox (badness 10000) in paragraph at lines 247--247
[]|\OT1/cmr/m/n/9 Distributed HNSW
 []


Underfull \hbox (badness 7047) in paragraph at lines 247--247
\OT1/cmr/m/n/9 shard-ing via FAISS
 []


Underfull \hbox (badness 7451) in paragraph at lines 247--247
\OT1/cmr/m/n/9 + Kafka-coordinated
 []


Underfull \hbox (badness 10000) in paragraph at lines 247--247
[]|\OT1/cmr/m/n/9 Load test-
 []


Underfull \hbox (badness 10000) in paragraph at lines 247--247
\OT1/cmr/m/n/9 ing with 10M
 []


Underfull \hbox (badness 10000) in paragraph at lines 247--247
\OT1/cmr/m/n/9 doc-u-ment cor-
 []


Underfull \hbox (badness 10000) in paragraph at lines 247--247
\OT1/cmr/m/n/9 pus mea-sur-ing
 []


Underfull \hbox (badness 10000) in paragraph at lines 247--247
[]|\OT1/cmr/m/n/9 Reliability:
 []


Underfull \hbox (badness 5924) in paragraph at lines 247--247
[]|\OT1/cmr/m/n/9 Circuit break-ers for
 []


Underfull \hbox (badness 1694) in paragraph at lines 247--247
[]|\OT1/cmr/m/n/9 Chaos en-gi-neer-
 []


Underfull \hbox (badness 4673) in paragraph at lines 247--247
\OT1/cmr/m/n/9 ing tests (ran-
 []


Underfull \hbox (badness 10000) in paragraph at lines 247--247
[]|\OT1/cmr/m/n/9 Maintainability:
 []


Underfull \hbox (badness 10000) in paragraph at lines 247--247
[]|\OT1/cmr/m/n/9 Zero-downtime
 []


Underfull \hbox (badness 10000) in paragraph at lines 247--247
\OT1/cmr/m/n/9 us-ing rolling
 []


Underfull \hbox (badness 10000) in paragraph at lines 247--247
[]|\OT1/cmr/m/n/9 Usability:
 []


Overfull \hbox (7.7659pt too wide) in alignment at lines 247--247
[][][][][] 
 []



[58

]

[59]
<screenshot1.png, id=1639, 1445.4pt x 793.46437pt>
File: screenshot1.png Graphic file (type png)
<use screenshot1.png>
Package pdftex.def Info: screenshot1.png  used on input line 271.
(pdftex.def)             Requested size: 432.48051pt x 237.41156pt.
<ui_screenshot_1.png, id=1641, 2182.40344pt x 1008.76875pt>
File: ui_screenshot_1.png Graphic file (type png)
<use ui_screenshot_1.png>
Package pdftex.def Info: ui_screenshot_1.png  used on input line 280.
(pdftex.def)             Requested size: 432.48051pt x 199.90306pt.


[60

 <./screenshot1.png (PNG copy)>]
<ui_screenshot_2.png, id=1648, 599.23875pt x 910.15031pt>
File: ui_screenshot_2.png Graphic file (type png)
<use ui_screenshot_2.png>
Package pdftex.def Info: ui_screenshot_2.png  used on input line 289.
(pdftex.def)             Requested size: 323.89499pt x 491.946pt.


[61 <./ui_screenshot_1.png (PNG copy)>]
<ui_screenshot_3.png, id=1654, 897.3525pt x 872.25874pt>
File: ui_screenshot_3.png Graphic file (type png)
<use ui_screenshot_3.png>
Package pdftex.def Info: ui_screenshot_3.png  used on input line 298.
(pdftex.def)             Requested size: 506.1014pt x 491.946pt.

Overfull \hbox (50.85728pt too wide) in paragraph at lines 298--299
 [][] 
 []



[62 <./ui_screenshot_2.png (PNG copy)>]

[63 <./ui_screenshot_3.png (PNG copy)>]

[64]

[65

]

[66]) (./chapter6.tex
Chapter 6.
(/usr/share/texmf-dist/tex/latex/listings/lstlang1.sty
File: lstlang1.sty 2024/09/23 1.10c listings language file
)
Package hyperref Info: bookmark level for unknown lstlisting defaults to 0 on i
nput line 25.
LaTeX Font Info:    Font shape `OT1/cmtt/bx/n' in size <9> not available
(Font)              Font shape `OT1/cmtt/m/n' tried instead on input line 27.


[67


]

[68]
Overfull \hbox (2.3667pt too wide) in paragraph at lines 97--98
\OT1/cmr/m/n/10 The BM25 re-trieval com-po-nent is im-ple-mented us-ing SQL que
ries that di-rectly op-er-ate on the PostgreSQL-
 []

(/usr/share/texmf-dist/tex/latex/listings/lstlang1.sty
File: lstlang1.sty 2024/09/23 1.10c listings language file
)
LaTeX Font Info:    Font shape `OT1/cmtt/bx/n' in size <8> not available
(Font)              Font shape `OT1/cmtt/m/n' tried instead on input line 114.


[69

]

[70]

[71

]

[72]

[73

]

[74]

[75

]

[76]

[77]

[78

]

[79]

[80

]

[81]

[82

]

[83]

[84]) (./chapter7_conclusion.tex
Chapter 7.


[85


])

[86]

[87] (./main.bbl

[88


]

[89])

[90]
Appendix A.
<logbook_sem1.pdf, id=2523, 722.7pt x 406.51875pt>
File: logbook_sem1.pdf Graphic file (type pdf)
<use logbook_sem1.pdf>
Package pdftex.def Info: logbook_sem1.pdf  used on input line 580.
(pdftex.def)             Requested size: 722.69823pt x 406.51775pt.
<logbook_sem1.pdf, id=2525, page=1, 722.7pt x 406.51875pt>
File: logbook_sem1.pdf Graphic file (type pdf)
<use logbook_sem1.pdf, page 1>
Package pdftex.def Info: logbook_sem1.pdf , page1 used on input line 580.
(pdftex.def)             Requested size: 722.69823pt x 406.51775pt.
File: logbook_sem1.pdf Graphic file (type pdf)
<use logbook_sem1.pdf, page 1>
Package pdftex.def Info: logbook_sem1.pdf , page1 used on input line 580.
(pdftex.def)             Requested size: 598.07645pt x 336.41798pt.


[91

]
File: logbook_sem1.pdf Graphic file (type pdf)
<use logbook_sem1.pdf, page 1>
Package pdftex.def Info: logbook_sem1.pdf , page1 used on input line 580.
(pdftex.def)             Requested size: 598.07645pt x 336.41798pt.
File: logbook_sem1.pdf Graphic file (type pdf)
<use logbook_sem1.pdf, page 1>
Package pdftex.def Info: logbook_sem1.pdf , page1 used on input line 580.
(pdftex.def)             Requested size: 598.07645pt x 336.41798pt.


File: logbook_sem1.pdf Graphic file (type pdf)
<use logbook_sem1.pdf, page 1>
Package pdftex.def Info: logbook_sem1.pdf , page1 used on input line 580.
(pdftex.def)             Requested size: 598.07645pt x 336.41798pt.
[92

 <./logbook_sem1.pdf>]
<logbook_sem2.pdf, id=2557, 722.7pt x 406.53296pt>
File: logbook_sem2.pdf Graphic file (type pdf)
<use logbook_sem2.pdf>
Package pdftex.def Info: logbook_sem2.pdf  used on input line 583.
(pdftex.def)             Requested size: 722.69823pt x 406.53197pt.
<logbook_sem2.pdf, id=2559, page=1, 722.7pt x 406.53296pt>
File: logbook_sem2.pdf Graphic file (type pdf)
<use logbook_sem2.pdf, page 1>
Package pdftex.def Info: logbook_sem2.pdf , page1 used on input line 583.
(pdftex.def)             Requested size: 722.69823pt x 406.53197pt.
File: logbook_sem2.pdf Graphic file (type pdf)
<use logbook_sem2.pdf, page 1>
Package pdftex.def Info: logbook_sem2.pdf , page1 used on input line 583.
(pdftex.def)             Requested size: 598.07645pt x 336.42976pt.


[93]
File: logbook_sem2.pdf Graphic file (type pdf)
<use logbook_sem2.pdf, page 1>
Package pdftex.def Info: logbook_sem2.pdf , page1 used on input line 583.
(pdftex.def)             Requested size: 598.07645pt x 336.42976pt.
File: logbook_sem2.pdf Graphic file (type pdf)
<use logbook_sem2.pdf, page 1>
Package pdftex.def Info: logbook_sem2.pdf , page1 used on input line 583.
(pdftex.def)             Requested size: 598.07645pt x 336.42976pt.


File: logbook_sem2.pdf Graphic file (type pdf)
<use logbook_sem2.pdf, page 1>
Package pdftex.def Info: logbook_sem2.pdf , page1 used on input line 583.
(pdftex.def)             Requested size: 598.07645pt x 336.42976pt.
[94

 <./logbook_sem2.pdf>]

Package natbib Warning: There were undefined citations.

(./main.aux)
 ***********
LaTeX2e <2024-11-01> patch level 2
L3 programming layer <2025-01-18>
 ***********
Package rerunfilecheck Info: File `main.out' has not changed.
(rerunfilecheck)             Checksum: 3D1C0D968959535B051CE99CBC21D524;20711.
 ) 
Here is how much of TeX's memory you used:
 39225 strings out of 475171
 863604 string characters out of 5767095
 2329698 words of memory out of 5000000
 60362 multiletter control sequences out of 15000+600000
 571104 words of font info for 83 fonts, out of 8000000 for 9000
 14 hyphenation exceptions out of 8191
 84i,17n,87p,1314b,2203s stack positions out of 10000i,1000n,20000p,200000b,200000s
 </home/lancelot/.texlive/texmf-var/fonts/pk/ljfour/jknappen/ec/tcrm1000.600p
k></usr/share/texmf-dist/fonts/type1/public/amsfonts/cm/cmbx10.pfb></usr/share/
texmf-dist/fonts/type1/public/amsfonts/cm/cmbx12.pfb></usr/share/texmf-dist/fon
ts/type1/public/amsfonts/cm/cmbx8.pfb></usr/share/texmf-dist/fonts/type1/public
/amsfonts/cm/cmbx9.pfb></usr/share/texmf-dist/fonts/type1/public/amsfonts/cm/cm
bxti10.pfb></usr/share/texmf-dist/fonts/type1/public/amsfonts/cm/cmex10.pfb></u
sr/share/texmf-dist/fonts/type1/public/amsfonts/cmextra/cmex9.pfb></usr/share/t
exmf-dist/fonts/type1/public/amsfonts/cm/cmitt10.pfb></usr/share/texmf-dist/fon
ts/type1/public/amsfonts/cm/cmmi10.pfb></usr/share/texmf-dist/fonts/type1/publi
c/amsfonts/cm/cmmi5.pfb></usr/share/texmf-dist/fonts/type1/public/amsfonts/cm/c
mmi6.pfb></usr/share/texmf-dist/fonts/type1/public/amsfonts/cm/cmmi7.pfb></usr/
share/texmf-dist/fonts/type1/public/amsfonts/cm/cmmi9.pfb></usr/share/texmf-dis
t/fonts/type1/public/amsfonts/cm/cmr10.pfb></usr/share/texmf-dist/fonts/type1/p
ublic/amsfonts/cm/cmr12.pfb></usr/share/texmf-dist/fonts/type1/public/amsfonts/
cm/cmr5.pfb></usr/share/texmf-dist/fonts/type1/public/amsfonts/cm/cmr6.pfb></us
r/share/texmf-dist/fonts/type1/public/amsfonts/cm/cmr7.pfb></usr/share/texmf-di
st/fonts/type1/public/amsfonts/cm/cmr8.pfb></usr/share/texmf-dist/fonts/type1/p
ublic/amsfonts/cm/cmr9.pfb></usr/share/texmf-dist/fonts/type1/public/amsfonts/c
m/cmsy10.pfb></usr/share/texmf-dist/fonts/type1/public/amsfonts/cm/cmsy6.pfb></
usr/share/texmf-dist/fonts/type1/public/amsfonts/cm/cmsy7.pfb></usr/share/texmf
-dist/fonts/type1/public/amsfonts/cm/cmsy8.pfb></usr/share/texmf-dist/fonts/typ
e1/public/amsfonts/cm/cmsy9.pfb></usr/share/texmf-dist/fonts/type1/public/amsfo
nts/cm/cmti10.pfb></usr/share/texmf-dist/fonts/type1/public/amsfonts/cm/cmti9.p
fb></usr/share/texmf-dist/fonts/type1/public/amsfonts/cm/cmtt10.pfb></usr/share
/texmf-dist/fonts/type1/public/amsfonts/cm/cmtt8.pfb></usr/share/texmf-dist/fon
ts/type1/public/amsfonts/cm/cmtt9.pfb></usr/share/texmf-dist/fonts/type1/public
/amsfonts/symbols/msam10.pfb>
Output written on main.pdf (95 pages, 5871758 bytes).
PDF statistics:
 2980 PDF objects out of 2984 (max. 8388607)
 2676 compressed objects within 27 object streams
 1241 named destinations out of 1440 (max. 500000)
 1090 words of extra memory for PDF output out of 10000 (max. 10000000)

